Archive member included to satisfy reference by file (symbol)

c:/program files (x86)/atmel/studio/7.0/toolchain/avr8/avr8-gnu-toolchain/bin/../lib/gcc/avr/5.4.0/../../../../avr/lib/avr5\libm.a(addsf3.o)
                              Value.o (__subsf3)
c:/program files (x86)/atmel/studio/7.0/toolchain/avr8/avr8-gnu-toolchain/bin/../lib/gcc/avr/5.4.0/../../../../avr/lib/avr5\libm.a(addsf3x.o)
                              c:/program files (x86)/atmel/studio/7.0/toolchain/avr8/avr8-gnu-toolchain/bin/../lib/gcc/avr/5.4.0/../../../../avr/lib/avr5\libm.a(addsf3.o) (__addsf3x)
c:/program files (x86)/atmel/studio/7.0/toolchain/avr8/avr8-gnu-toolchain/bin/../lib/gcc/avr/5.4.0/../../../../avr/lib/avr5\libm.a(cmpsf2.o)
                              Value.o (__eqsf2)
c:/program files (x86)/atmel/studio/7.0/toolchain/avr8/avr8-gnu-toolchain/bin/../lib/gcc/avr/5.4.0/../../../../avr/lib/avr5\libm.a(divsf3.o)
                              Interpreter.o (__divsf3)
c:/program files (x86)/atmel/studio/7.0/toolchain/avr8/avr8-gnu-toolchain/bin/../lib/gcc/avr/5.4.0/../../../../avr/lib/avr5\libm.a(divsf3x.o)
                              c:/program files (x86)/atmel/studio/7.0/toolchain/avr8/avr8-gnu-toolchain/bin/../lib/gcc/avr/5.4.0/../../../../avr/lib/avr5\libm.a(divsf3.o) (__divsf3x)
c:/program files (x86)/atmel/studio/7.0/toolchain/avr8/avr8-gnu-toolchain/bin/../lib/gcc/avr/5.4.0/../../../../avr/lib/avr5\libm.a(fixsfsi.o)
                              Value.o (__fixsfsi)
c:/program files (x86)/atmel/studio/7.0/toolchain/avr8/avr8-gnu-toolchain/bin/../lib/gcc/avr/5.4.0/../../../../avr/lib/avr5\libm.a(fixunssfsi.o)
                              c:/program files (x86)/atmel/studio/7.0/toolchain/avr8/avr8-gnu-toolchain/bin/../lib/gcc/avr/5.4.0/../../../../avr/lib/avr5\libm.a(fixsfsi.o) (__fixunssfsi)
c:/program files (x86)/atmel/studio/7.0/toolchain/avr8/avr8-gnu-toolchain/bin/../lib/gcc/avr/5.4.0/../../../../avr/lib/avr5\libm.a(floatsisf.o)
                              Interpreter.o (__floatsisf)
c:/program files (x86)/atmel/studio/7.0/toolchain/avr8/avr8-gnu-toolchain/bin/../lib/gcc/avr/5.4.0/../../../../avr/lib/avr5\libm.a(fp_cmp.o)
                              c:/program files (x86)/atmel/studio/7.0/toolchain/avr8/avr8-gnu-toolchain/bin/../lib/gcc/avr/5.4.0/../../../../avr/lib/avr5\libm.a(cmpsf2.o) (__fp_cmp)
c:/program files (x86)/atmel/studio/7.0/toolchain/avr8/avr8-gnu-toolchain/bin/../lib/gcc/avr/5.4.0/../../../../avr/lib/avr5\libm.a(fp_inf.o)
                              c:/program files (x86)/atmel/studio/7.0/toolchain/avr8/avr8-gnu-toolchain/bin/../lib/gcc/avr/5.4.0/../../../../avr/lib/avr5\libm.a(addsf3x.o) (__fp_inf)
c:/program files (x86)/atmel/studio/7.0/toolchain/avr8/avr8-gnu-toolchain/bin/../lib/gcc/avr/5.4.0/../../../../avr/lib/avr5\libm.a(fp_nan.o)
                              c:/program files (x86)/atmel/studio/7.0/toolchain/avr8/avr8-gnu-toolchain/bin/../lib/gcc/avr/5.4.0/../../../../avr/lib/avr5\libm.a(addsf3x.o) (__fp_nan)
c:/program files (x86)/atmel/studio/7.0/toolchain/avr8/avr8-gnu-toolchain/bin/../lib/gcc/avr/5.4.0/../../../../avr/lib/avr5\libm.a(fp_pscA.o)
                              c:/program files (x86)/atmel/studio/7.0/toolchain/avr8/avr8-gnu-toolchain/bin/../lib/gcc/avr/5.4.0/../../../../avr/lib/avr5\libm.a(addsf3x.o) (__fp_pscA)
c:/program files (x86)/atmel/studio/7.0/toolchain/avr8/avr8-gnu-toolchain/bin/../lib/gcc/avr/5.4.0/../../../../avr/lib/avr5\libm.a(fp_pscB.o)
                              c:/program files (x86)/atmel/studio/7.0/toolchain/avr8/avr8-gnu-toolchain/bin/../lib/gcc/avr/5.4.0/../../../../avr/lib/avr5\libm.a(addsf3x.o) (__fp_pscB)
c:/program files (x86)/atmel/studio/7.0/toolchain/avr8/avr8-gnu-toolchain/bin/../lib/gcc/avr/5.4.0/../../../../avr/lib/avr5\libm.a(fp_round.o)
                              c:/program files (x86)/atmel/studio/7.0/toolchain/avr8/avr8-gnu-toolchain/bin/../lib/gcc/avr/5.4.0/../../../../avr/lib/avr5\libm.a(addsf3.o) (__fp_round)
c:/program files (x86)/atmel/studio/7.0/toolchain/avr8/avr8-gnu-toolchain/bin/../lib/gcc/avr/5.4.0/../../../../avr/lib/avr5\libm.a(fp_split3.o)
                              c:/program files (x86)/atmel/studio/7.0/toolchain/avr8/avr8-gnu-toolchain/bin/../lib/gcc/avr/5.4.0/../../../../avr/lib/avr5\libm.a(addsf3x.o) (__fp_split3)
c:/program files (x86)/atmel/studio/7.0/toolchain/avr8/avr8-gnu-toolchain/bin/../lib/gcc/avr/5.4.0/../../../../avr/lib/avr5\libm.a(fp_zero.o)
                              c:/program files (x86)/atmel/studio/7.0/toolchain/avr8/avr8-gnu-toolchain/bin/../lib/gcc/avr/5.4.0/../../../../avr/lib/avr5\libm.a(addsf3x.o) (__fp_zero)
c:/program files (x86)/atmel/studio/7.0/toolchain/avr8/avr8-gnu-toolchain/bin/../lib/gcc/avr/5.4.0/../../../../avr/lib/avr5\libm.a(gesf2.o)
                              Value.o (__gesf2)
c:/program files (x86)/atmel/studio/7.0/toolchain/avr8/avr8-gnu-toolchain/bin/../lib/gcc/avr/5.4.0/../../../../avr/lib/avr5\libm.a(mulsf3.o)
[...]
Memory Configuration

Name             Origin             Length             Attributes
text             0x00000000         0x00020000         xr
data             0x00800060         0x0000ffa0         rw !x
eeprom           0x00810000         0x00010000         rw !x
fuse             0x00820000         0x00000002         rw !x
lock             0x00830000         0x00000400         rw !x
signature        0x00840000         0x00000400         rw !x
user_signatures  0x00850000         0x00000400         rw !x
*default*        0x00000000         0xffffffff

Linker script and memory map

LOAD C:/Program Files (x86)/Atmel/Studio/7.0/Packs/atmel/ATmega_DFP/1.2.209/gcc/dev/atmega32/avr5/crtatmega32.o
LOAD LCD.o
LOAD Interpreter.o
LOAD main.o
LOAD Serial.o
LOAD Value.o
START GROUP
LOAD c:/program files (x86)/atmel/studio/7.0/toolchain/avr8/avr8-gnu-toolchain/bin/../lib/gcc/avr/5.4.0/../../../../avr/lib/avr5\libm.a
END GROUP
LOAD c:/program files (x86)/atmel/studio/7.0/toolchain/avr8/avr8-gnu-toolchain/bin/../lib/gcc/avr/5.4.0/../../../../avr/lib/avr5\libprintf_flt.a
LOAD c:/program files (x86)/atmel/studio/7.0/toolchain/avr8/avr8-gnu-toolchain/bin/../lib/gcc/avr/5.4.0/avr5\libgcc.a
LOAD c:/program files (x86)/atmel/studio/7.0/toolchain/avr8/avr8-gnu-toolchain/bin/../lib/gcc/avr/5.4.0/../../../../avr/lib/avr5\libm.a
START GROUP
LOAD c:/program files (x86)/atmel/studio/7.0/toolchain/avr8/avr8-gnu-toolchain/bin/../lib/gcc/avr/5.4.0/avr5\libgcc.a
LOAD c:/program files (x86)/atmel/studio/7.0/toolchain/avr8/avr8-gnu-toolchain/bin/../lib/gcc/avr/5.4.0/../../../../avr/lib/avr5\libm.a
LOAD c:/program files (x86)/atmel/studio/7.0/toolchain/avr8/avr8-gnu-toolchain/bin/../lib/gcc/avr/5.4.0/../../../../avr/lib/avr5\libc.a
LOAD C:/Program Files (x86)/Atmel/Studio/7.0/Packs/atmel/ATmega_DFP/1.2.209/gcc/dev/atmega32/avr5\libatmega32.a
END GROUP
                0x00020000                __TEXT_REGION_LENGTH__ = DEFINED (__TEXT_REGION_LENGTH__)?__TEXT_REGION_LENGTH__:0x20000
                0x0000ffa0                __DATA_REGION_LENGTH__ = DEFINED (__DATA_REGION_LENGTH__)?__DATA_REGION_LENGTH__:0xffa0
                0x00010000                __EEPROM_REGION_LENGTH__ = DEFINED (__EEPROM_REGION_LENGTH__)?__EEPROM_REGION_LENGTH__:0x10000
                [0x00000002]                __FUSE_REGION_LENGTH__ = DEFINED (__FUSE_REGION_LENGTH__)?__FUSE_REGION_LENGTH__:0x400
                0x00000400                __LOCK_REGION_LENGTH__ = DEFINED (__LOCK_REGION_LENGTH__)?__LOCK_REGION_LENGTH__:0x400
                0x00000400                __SIGNATURE_REGION_LENGTH__ = DEFINED (__SIGNATURE_REGION_LENGTH__)?__SIGNATURE_REGION_LENGTH__:0x400
                0x00000400                __USER_SIGNATURE_REGION_LENGTH__ = DEFINED (__USER_SIGNATURE_REGION_LENGTH__)?__USER_SIGNATURE_REGION_LENGTH__:0x400

.hash
 *(.hash)

.dynsym
 *(.dynsym)

.dynstr
 *(.dynstr)

.gnu.version
 *(.gnu.version)

.gnu.version_d
 *(.gnu.version_d)

.gnu.version_r
 *(.gnu.version_r)

.rel.init
 *(.rel.init)

.rela.init
 *(.rela.init)

.rel.text
 *(.rel.text)
 *(.rel.text.*)
 *(.rel.gnu.linkonce.t*)

.rela.text
 *(.rela.text)
 *(.rela.text.*)
 *(.rela.gnu.linkonce.t*)

.rel.fini
 *(.rel.fini)

.rela.fini
 *(.rela.fini)

.rel.rodata
 *(.rel.rodata)
 *(.rel.rodata.*)
 *(.rel.gnu.linkonce.r*)

.rela.rodata
 *(.rela.rodata)
 *(.rela.rodata.*)
 *(.rela.gnu.linkonce.r*)

.rel.data
 *(.rel.data)
 *(.rel.data.*)
 *(.rel.gnu.linkonce.d*)

.rela.data
 *(.rela.data)
 *(.rela.data.*)
 *(.rela.gnu.linkonce.d*)

.rel.ctors
 *(.rel.ctors)

.rela.ctors
 *(.rela.ctors)

.rel.dtors
 *(.rel.dtors)

.rela.dtors
 *(.rela.dtors)

.rel.got
 *(.rel.got)

.rela.got
 *(.rela.got)

.rel.bss
 *(.rel.bss)

.rela.bss
 *(.rela.bss)

.rel.plt
 *(.rel.plt)

.rela.plt
 *(.rela.plt)

.text           0x00000000     0x5f4a
 *(.vectors)
 .vectors       0x00000000       0x54 C:/Program Files (x86)/Atmel/Studio/7.0/Packs/atmel/ATmega_DFP/1.2.209/gcc/dev/atmega32/avr5/crtatmega32.o
                0x00000000                __vector_default
                0x00000000                __vectors
 *(.vectors)
 *(.progmem.gcc*)
                0x00000054                . = ALIGN (0x2)
                0x00000054                __trampolines_start = .
 *(.trampolines)
 .trampolines   0x00000054        0x0 linker stubs
 *(.trampolines*)
                0x00000054                __trampolines_end = .
 *libprintf_flt.a:*(.progmem.data)
 .progmem.data  0x00000054        0x8 c:/program files (x86)/atmel/studio/7.0/toolchain/avr8/avr8-gnu-toolchain/bin/../lib/gcc/avr/5.4.0/../../../../avr/lib/avr5\libprintf_flt.a(vfprintf_flt.o)
 *libc.a:*(.progmem.data)
 .progmem.data  0x0000005c       0xfa c:/program files (x86)/atmel/studio/7.0/toolchain/avr8/avr8-gnu-toolchain/bin/../lib/gcc/avr/5.4.0/../../../../avr/lib/avr5\libc.a(ftoa_engine.o)
 .progmem.data  0x00000156       0x3b c:/program files (x86)/atmel/studio/7.0/toolchain/avr8/avr8-gnu-toolchain/bin/../lib/gcc/avr/5.4.0/../../../../avr/lib/avr5\libc.a(strtod.o)
 *(.progmem*)
                0x00000192                . = ALIGN (0x2)
 *fill*         0x00000191        0x1 
 *(.jumptables)
 *(.jumptables*)
 *(.lowtext)
 *(.lowtext*)
                0x00000192                __ctors_start = .
 *(.ctors)
                0x00000192                __ctors_end = .
                0x00000192                __dtors_start = .
 *(.dtors)
                0x00000192                __dtors_end = .
 SORT(*)(.ctors)
 SORT(*)(.dtors)
 *(.init0)
 .init0         0x00000192        0x0 C:/Program Files (x86)/Atmel/Studio/7.0/Packs/atmel/ATmega_DFP/1.2.209/gcc/dev/atmega32/avr5/crtatmega32.o
                0x00000192                __init
 *(.init0)
 *(.init1)
 *(.init1)
 *(.init2)
 .init2         0x00000192        0xc C:/Program Files (x86)/Atmel/Studio/7.0/Packs/atmel/ATmega_DFP/1.2.209/gcc/dev/atmega32/avr5/crtatmega32.o
 *(.init2)
 *(.init3)
 *(.init3)
 *(.init4)
 .init4         0x0000019e       0x16 c:/program files (x86)/atmel/studio/7.0/toolchain/avr8/avr8-gnu-toolchain/bin/../lib/gcc/avr/5.4.0/avr5\libgcc.a(_copy_data.o)
                0x0000019e                __do_copy_data
 .init4         0x000001b4       0x10 c:/program files (x86)/atmel/studio/7.0/toolchain/avr8/avr8-gnu-toolchain/bin/../lib/gcc/avr/5.4.0/avr5\libgcc.a(_clear_bss.o)
                0x000001b4                __do_clear_bss
 *(.init4)
 *(.init5)
 *(.init5)
 *(.init6)
 *(.init6)
 *(.init7)
 *(.init7)
 *(.init8)
 *(.init8)
 *(.init9)
 .init9         0x000001c4        0x8 C:/Program Files (x86)/Atmel/Studio/7.0/Packs/atmel/ATmega_DFP/1.2.209/gcc/dev/atmega32/avr5/crtatmega32.o
 *(.init9)
 *(.text)
 .text          0x000001cc        0x4 C:/Program Files (x86)/Atmel/Studio/7.0/Packs/atmel/ATmega_DFP/1.2.209/gcc/dev/atmega32/avr5/crtatmega32.o
                0x000001cc                __vector_1
                0x000001cc                __vector_12
                0x000001cc                __bad_interrupt
                0x000001cc                __vector_6
                0x000001cc                __vector_3
                0x000001cc                __vector_11
                0x000001cc                __vector_17
                0x000001cc                __vector_19
                0x000001cc                __vector_7
                0x000001cc                __vector_5
                0x000001cc                __vector_4
                0x000001cc                __vector_9
                0x000001cc                __vector_2
                0x000001cc                __vector_15
                0x000001cc                __vector_8
                0x000001cc                __vector_14
                0x000001cc                __vector_10
                0x000001cc                __vector_16
                0x000001cc                __vector_18
                0x000001cc                __vector_20
                0x000001d0                . = ALIGN (0x2)
 *(.text.*)
 .text._Z13SetNibblePinsc
                0x000001d0       0x6a LCD.o
                0x000001d0                _Z13SetNibblePinsc
 .text._Z4SetEb
                0x0000023a       0x20 LCD.o
                0x0000023a                _Z4SetEb
 .text._Z5SetRWb
                0x0000025a       0x20 LCD.o
                0x0000025a                _Z5SetRWb
 .text._Z5SetRSb
                0x0000027a       0x20 LCD.o
                0x0000027a                _Z5SetRSb
 .text._Z8WriteLCDcb
                0x0000029a       0x90 LCD.o
                0x0000029a                _Z8WriteLCDcb
 .text._Z7InitLCDb
                0x0000032a       0x54 LCD.o
                0x0000032a                _Z7InitLCDb
 .text._Z10lcd_printfPKc
                0x0000037e       0x1a LCD.o
                0x0000037e                _Z10lcd_printfPKc
 .text._Z8ClearLCDv
                0x00000398        0x8 LCD.o
                0x00000398                _Z8ClearLCDv
 .text._Z9SetLCD_XYii
                0x000003a0       0x12 LCD.o
                0x000003a0                _Z9SetLCD_XYii
 .text._ZN11InterpreterC2Ev
                0x000003b2       0x52 Interpreter.o
                0x000003b2                _ZN11InterpreterC2Ev
                0x000003b2                _ZN11InterpreterC1Ev
 .text._ZN11Interpreter17get_next_pgm_byteEi
                0x00000404       0x26 Interpreter.o
                0x00000404                _ZN11Interpreter17get_next_pgm_byteEi
 .text._ZN11Interpreter5errorEPKc
                0x0000042a       0x5c Interpreter.o
                0x0000042a                _ZN11Interpreter5errorEPKc
 .text._ZN11Interpreter7advanceEv
                0x00000486       0x38 Interpreter.o
                0x00000486                _ZN11Interpreter7advanceEv
 .text._ZN11Interpreter4peekEv
                0x000004be       0x22 Interpreter.o
                0x000004be                _ZN11Interpreter4peekEv
 .text._ZN11Interpreter15skip_whitespaceEv
                0x000004e0       0x34 Interpreter.o
                0x000004e0                _ZN11Interpreter15skip_whitespaceEv
 .text._ZN11Interpreter12parse_numberEv
                0x00000514      0x134 Interpreter.o
                0x00000514                _ZN11Interpreter12parse_numberEv
 .text._ZN11Interpreter9parse_hexEv
                0x00000648       0xd8 Interpreter.o
                0x00000648                _ZN11Interpreter9parse_hexEv
 .text._ZN11Interpreter12parse_stringEv
                0x00000720      0x134 Interpreter.o
                0x00000720                _ZN11Interpreter12parse_stringEv
 .text._Z10nocase_cmpPcPKc
                0x00000854       0x52 Interpreter.o
                0x00000854                _Z10nocase_cmpPcPKc
 .text._ZN11Interpreter3_idEv
                0x000008a6      0x6ca Interpreter.o
                0x000008a6                _ZN11Interpreter3_idEv
 .text._ZN11Interpreter14get_next_tokenEv
                0x00000f70      0x33c Interpreter.o
                0x00000f70                _ZN11Interpreter14get_next_tokenEv
 .text._ZN11Interpreter3eatE9TokenType
                0x000012ac       0x72 Interpreter.o
                0x000012ac                _ZN11Interpreter3eatE9TokenType
 .text._ZN11Interpreter10lookup_varEPKc
                0x0000131e       0xcc Interpreter.o
                0x0000131e                _ZN11Interpreter10lookup_varEPKc
 .text._ZN11Interpreter9store_varEPKc5Value
                0x000013ea       0xc0 Interpreter.o
                0x000013ea                _ZN11Interpreter9store_varEPKc5Value
 .text._ZN11Interpreter7delayMsEi
                0x000014aa       0x1a Interpreter.o
                0x000014aa                _ZN11Interpreter7delayMsEi
 .text._ZN11Interpreter9strlen_eeEPc
                0x000014c4       0x32 Interpreter.o
                0x000014c4                _ZN11Interpreter9strlen_eeEPc
 .text._ZN11InterpreterC2EPc
                0x000014f6       0xd6 Interpreter.o
                0x000014f6                _ZN11InterpreterC1EPc
                0x000014f6                _ZN11InterpreterC2EPc
 .text._ZN11Interpreter7freeRAMEv
                0x000015cc       0x38 Interpreter.o
                0x000015cc                _ZN11Interpreter7freeRAMEv
 .text._ZN11Interpreter13function_callEv
                0x00001604      0x5fe Interpreter.o
                0x00001604                _ZN11Interpreter13function_callEv
 .text._ZN11Interpreter6factorEv
                0x00001c02      0x1be Interpreter.o
                0x00001c02                _ZN11Interpreter6factorEv
 .text._ZN11Interpreter4termEv
                0x00001dc0      0x25e Interpreter.o
                0x00001dc0                _ZN11Interpreter4termEv
 .text._ZN11Interpreter4exprEv
                0x0000201e      0x136 Interpreter.o
                0x0000201e                _ZN11Interpreter4exprEv
 .text._ZN11Interpreter20assignment_statementEv
                0x00002154      0x258 Interpreter.o
                0x00002154                _ZN11Interpreter20assignment_statementEv
 .text._ZN11Interpreter9statementEv
                0x000023ac       0xb2 Interpreter.o
                0x000023ac                _ZN11Interpreter9statementEv
 .text._ZN11Interpreter13for_statementEv
                0x0000245e      0x20c Interpreter.o
                0x0000245e                _ZN11Interpreter13for_statementEv
 .text._ZN11Interpreter17execute_statementEPc
                0x0000266a       0x98 Interpreter.o
                0x0000266a                _ZN11Interpreter17execute_statementEPc
 .text._ZN11Interpreter14statement_listEv
                0x00002702       0x3a Interpreter.o
                0x00002702                _ZN11Interpreter14statement_listEv
 .text._ZN11Interpreter3runEv
                0x0000273c        0x4 Interpreter.o
                0x0000273c                _ZN11Interpreter3runEv
 .text._ZN11Interpreter15gosub_statementEv
                0x00002740      0x120 Interpreter.o
                0x00002740                _ZN11Interpreter15gosub_statementEv
 .text._ZN11Interpreter12if_statementEv
                0x00002860      0x122 Interpreter.o
                0x00002860                _ZN11Interpreter12if_statementEv
 .text._ZN11Interpreter15while_statementEv
                0x00002982      0x14a Interpreter.o
                0x00002982                _ZN11Interpreter15while_statementEv
 .text.startup.main
                0x00002acc      0x13c main.o
                0x00002acc                main
 .text.__vector_13
                0x00002c08       0x5e Serial.o
                0x00002c08                __vector_13
 .text._Z11send_stringPc
                0x00002c66       0x12 Serial.o
                0x00002c66                _Z11send_stringPc
 .text._Z10get_stringPcj
                0x00002c78       0x32 Serial.o
                0x00002c78                _Z10get_stringPcj
 .text._Z8get_bytev
                0x00002caa       0x2a Serial.o
                0x00002caa                _Z8get_bytev
 .text._Z9send_bytec
                0x00002cd4        0x8 Serial.o
                0x00002cd4                _Z9send_bytec
 .text._Z10readRxlinev
                0x00002cdc       0xea Serial.o
                0x00002cdc                _Z10readRxlinev
 .text._ZN5ValueC2Ev
                0x00002dc6        0x2 Value.o
                0x00002dc6                _ZN5ValueC2Ev
                0x00002dc6                _ZN5ValueC1Ev
 .text._ZN5ValueC2Ei
                0x00002dc8       0x36 Value.o
                0x00002dc8                _ZN5ValueC2Ei
                0x00002dc8                _ZN5ValueC1Ei
 .text._ZN5ValueC2Ec
                0x00002dfe       0x3a Value.o
                0x00002dfe                _ZN5ValueC2Ec
                0x00002dfe                _ZN5ValueC1Ec
 .text._ZN5ValueC2EPKc
                0x00002e38       0x16 Value.o
                0x00002e38                _ZN5ValueC2EPKc
                0x00002e38                _ZN5ValueC1EPKc
 .text._ZN5ValueC2Eb
                0x00002e4e        0xa Value.o
                0x00002e4e                _ZN5ValueC2Eb
                0x00002e4e                _ZN5ValueC1Eb
 .text._ZN5ValueC2Ed
                0x00002e58       0x10 Value.o
                0x00002e58                _ZN5ValueC1Ed
                0x00002e58                _ZN5ValueC2Ed
 .text._ZN5ValueC2E4TYPEi
                0x00002e68       0x70 Value.o
                0x00002e68                _ZN5ValueC1E4TYPEi
                0x00002e68                _ZN5ValueC2E4TYPEi
 .text._ZplRK5ValueS1_
                0x00002ed8      0x2b2 Value.o
                0x00002ed8                _ZplRK5ValueS1_
 .text._ZmiRK5ValueS1_
                0x0000318a      0x11a Value.o
                0x0000318a                _ZmiRK5ValueS1_
 .text._ZmlRK5ValueS1_
                0x000032a4      0x126 Value.o
                0x000032a4                _ZmlRK5ValueS1_
 .text._ZdvRK5ValueS1_
                0x000033ca      0x11c Value.o
                0x000033ca                _ZdvRK5ValueS1_
 .text._ZrmRK5ValueS1_
                0x000034e6       0xe6 Value.o
                0x000034e6                _ZrmRK5ValueS1_
 .text._ZlsRK5ValueS1_
                0x000035cc      0x100 Value.o
                0x000035cc                _ZlsRK5ValueS1_
 .text._ZrsRK5ValueS1_
                0x000036cc      0x100 Value.o
                0x000036cc                _ZrsRK5ValueS1_
 .text._ZanRK5ValueS1_
                0x000037cc      0x2b6 Value.o
                0x000037cc                _ZanRK5ValueS1_
 .text._ZorRK5ValueS1_
                0x00003a82      0x124 Value.o
                0x00003a82                _ZorRK5ValueS1_
 .text._ZntRK5Value
                0x00003ba6       0x8c Value.o
                0x00003ba6                _ZntRK5Value
 .text._ZeoRK5ValueS1_
                0x00003c32      0x116 Value.o
                0x00003c32                _ZeoRK5ValueS1_
 .text._ZeqRK5ValueS1_
                0x00003d48      0x11a Value.o
                0x00003d48                _ZeqRK5ValueS1_
 .text._ZneRK5ValueS1_
                0x00003e62      0x11c Value.o
                0x00003e62                _ZneRK5ValueS1_
 .text._ZltRK5ValueS1_
                0x00003f7e      0x10e Value.o
                0x00003f7e                _ZltRK5ValueS1_
 .text._ZleRK5ValueS1_
                0x0000408c      0x144 Value.o
                0x0000408c                _ZleRK5ValueS1_
 .text._ZgtRK5ValueS1_
                0x000041d0      0x144 Value.o
                0x000041d0                _ZgtRK5ValueS1_
 .text._ZgeRK5ValueS1_
                0x00004314      0x13e Value.o
                0x00004314                _ZgeRK5ValueS1_
 .text._ZpsRK5Value
                0x00004452       0x7e Value.o
                0x00004452                _ZpsRK5Value
 .text._ZngRK5Value
                0x000044d0       0x86 Value.o
                0x000044d0                _ZngRK5Value
 .text._ZN5Value9ToBooleanEv
                0x00004556       0x44 Value.o
                0x00004556                _ZN5Value9ToBooleanEv
 .text._ZN5Value8ToStringEv
                0x0000459a       0x8e Value.o
                0x0000459a                _ZN5Value8ToStringEv
 .text._ZN5Value11index_arrayEi
                0x00004628       0x64 Value.o
                0x00004628                _ZN5Value11index_arrayEi
 .text._ZN5Value12update_arrayEii
                0x0000468c       0x1e Value.o
                0x0000468c                _ZN5Value12update_arrayEii
 .text._ZN5Value12update_arrayEid
                0x000046aa       0x2a Value.o
                0x000046aa                _ZN5Value12update_arrayEid
 .text.avr-libc.fplib
                0x000046d4        0xe c:/program files (x86)/atmel/studio/7.0/toolchain/avr8/avr8-gnu-toolchain/bin/../lib/gcc/avr/5.4.0/../../../../avr/lib/avr5\libm.a(addsf3.o)
                0x000046d4                __subsf3
                0x000046d6                __addsf3
 .text.avr-libc.fplib
                0x000046e2       0xcc c:/program files (x86)/atmel/studio/7.0/toolchain/avr8/avr8-gnu-toolchain/bin/../lib/gcc/avr/5.4.0/../../../../avr/lib/avr5\libm.a(addsf3x.o)
                0x00004704                __addsf3x
 .text.avr-libc.fplib
                0x000047ae        0xa c:/program files (x86)/atmel/studio/7.0/toolchain/avr8/avr8-gnu-toolchain/bin/../lib/gcc/avr/5.4.0/../../../../avr/lib/avr5\libm.a(cmpsf2.o)
                0x000047ae                __nesf2
                0x000047ae                __eqsf2
                0x000047ae                __cmpsf2
                0x000047ae                __ltsf2
                0x000047ae                __lesf2
 .text.avr-libc.fplib
                0x000047b8        0x8 c:/program files (x86)/atmel/studio/7.0/toolchain/avr8/avr8-gnu-toolchain/bin/../lib/gcc/avr/5.4.0/../../../../avr/lib/avr5\libm.a(divsf3.o)
                0x000047b8                __divsf3
 .text.avr-libc.fplib
                0x000047c0       0xdc c:/program files (x86)/atmel/studio/7.0/toolchain/avr8/avr8-gnu-toolchain/bin/../lib/gcc/avr/5.4.0/../../../../avr/lib/avr5\libm.a(divsf3x.o)
                0x000047e0                __divsf3x
                0x000047e6                __divsf3_pse
 .text.avr-libc.fplib
                0x0000489c        0xe c:/program files (x86)/atmel/studio/7.0/toolchain/avr8/avr8-gnu-toolchain/bin/../lib/gcc/avr/5.4.0/../../../../avr/lib/avr5\libm.a(fixsfsi.o)
                0x0000489c                __fixsfsi
 .text.avr-libc.fplib
                0x000048aa       0x5e c:/program files (x86)/atmel/studio/7.0/toolchain/avr8/avr8-gnu-toolchain/bin/../lib/gcc/avr/5.4.0/../../../../avr/lib/avr5\libm.a(fixunssfsi.o)
                0x000048aa                __fixunssfsi
 .text.avr-libc.fplib
                0x00004908       0x7a c:/program files (x86)/atmel/studio/7.0/toolchain/avr8/avr8-gnu-toolchain/bin/../lib/gcc/avr/5.4.0/../../../../avr/lib/avr5\libm.a(floatsisf.o)
                0x00004908                __floatunsisf
                0x0000490c                __floatsisf
 .text.avr-libc.fplib
                0x00004982       0x48 c:/program files (x86)/atmel/studio/7.0/toolchain/avr8/avr8-gnu-toolchain/bin/../lib/gcc/avr/5.4.0/../../../../avr/lib/avr5\libm.a(fp_cmp.o)
                0x00004982                __fp_cmp
 .text.avr-libc.fplib
                0x000049ca        0xc c:/program files (x86)/atmel/studio/7.0/toolchain/avr8/avr8-gnu-toolchain/bin/../lib/gcc/avr/5.4.0/../../../../avr/lib/avr5\libm.a(fp_inf.o)
                0x000049ca                __fp_inf
 .text.avr-libc.fplib
                0x000049d6        0x6 c:/program files (x86)/atmel/studio/7.0/toolchain/avr8/avr8-gnu-toolchain/bin/../lib/gcc/avr/5.4.0/../../../../avr/lib/avr5\libm.a(fp_nan.o)
                0x000049d6                __fp_nan
 .text.avr-libc.fplib
                0x000049dc        0xe c:/program files (x86)/atmel/studio/7.0/toolchain/avr8/avr8-gnu-toolchain/bin/../lib/gcc/avr/5.4.0/../../../../avr/lib/avr5\libm.a(fp_pscA.o)
                0x000049dc                __fp_pscA
 .text.avr-libc.fplib
                0x000049ea        0xe c:/program files (x86)/atmel/studio/7.0/toolchain/avr8/avr8-gnu-toolchain/bin/../lib/gcc/avr/5.4.0/../../../../avr/lib/avr5\libm.a(fp_pscB.o)
                0x000049ea                __fp_pscB
 .text.avr-libc.fplib
                0x000049f8       0x22 c:/program files (x86)/atmel/studio/7.0/toolchain/avr8/avr8-gnu-toolchain/bin/../lib/gcc/avr/5.4.0/../../../../avr/lib/avr5\libm.a(fp_round.o)
                0x000049f8                __fp_round
 .text.avr-libc.fplib
                0x00004a1a       0x44 c:/program files (x86)/atmel/studio/7.0/toolchain/avr8/avr8-gnu-toolchain/bin/../lib/gcc/avr/5.4.0/../../../../avr/lib/avr5\libm.a(fp_split3.o)
                0x00004a1a                __fp_split3
                0x00004a2a                __fp_splitA
 .text.avr-libc.fplib
                0x00004a5e        0xe c:/program files (x86)/atmel/studio/7.0/toolchain/avr8/avr8-gnu-toolchain/bin/../lib/gcc/avr/5.4.0/../../../../avr/lib/avr5\libm.a(fp_zero.o)
                0x00004a5e                __fp_zero
                0x00004a60                __fp_szero
 .text.avr-libc.fplib
                0x00004a6c        0xa c:/program files (x86)/atmel/studio/7.0/toolchain/avr8/avr8-gnu-toolchain/bin/../lib/gcc/avr/5.4.0/../../../../avr/lib/avr5\libm.a(gesf2.o)
                0x00004a6c                __gesf2
                0x00004a6c                __gtsf2
 .text.avr-libc.fplib
                0x00004a76        0x8 c:/program files (x86)/atmel/studio/7.0/toolchain/avr8/avr8-gnu-toolchain/bin/../lib/gcc/avr/5.4.0/../../../../avr/lib/avr5\libm.a(mulsf3.o)
                0x00004a76                __mulsf3
 .text.avr-libc.fplib
                0x00004a7e       0xd2 c:/program files (x86)/atmel/studio/7.0/toolchain/avr8/avr8-gnu-toolchain/bin/../lib/gcc/avr/5.4.0/../../../../avr/lib/avr5\libm.a(mulsf3x.o)
                0x00004a9c                __mulsf3x
                0x00004aa2                __mulsf3_pse
 .text.avr-libc
                0x00004b50      0x6fa c:/program files (x86)/atmel/studio/7.0/toolchain/avr8/avr8-gnu-toolchain/bin/../lib/gcc/avr/5.4.0/../../../../avr/lib/avr5\libprintf_flt.a(vfprintf_flt.o)
                0x00004b50                vfprintf
 .text.libgcc.div
                0x0000524a       0x28 c:/program files (x86)/atmel/studio/7.0/toolchain/avr8/avr8-gnu-toolchain/bin/../lib/gcc/avr/5.4.0/avr5\libgcc.a(_divmodhi4.o)
                0x0000524a                _div
                0x0000524a                __divmodhi4
 .text.libgcc.prologue
                0x00005272       0x38 c:/program files (x86)/atmel/studio/7.0/toolchain/avr8/avr8-gnu-toolchain/bin/../lib/gcc/avr/5.4.0/avr5\libgcc.a(_prologue.o)
                0x00005272                __prologue_saves__
 .text.libgcc.prologue
                0x000052aa       0x36 c:/program files (x86)/atmel/studio/7.0/toolchain/avr8/avr8-gnu-toolchain/bin/../lib/gcc/avr/5.4.0/avr5\libgcc.a(_epilogue.o)
                0x000052aa                __epilogue_restores__
 .text.libgcc.div
                0x000052e0       0x28 c:/program files (x86)/atmel/studio/7.0/toolchain/avr8/avr8-gnu-toolchain/bin/../lib/gcc/avr/5.4.0/avr5\libgcc.a(_udivmodhi4.o)
                0x000052e0                __udivmodhi4
 .text.avr-libc
                0x00005308      0x242 c:/program files (x86)/atmel/studio/7.0/toolchain/avr8/avr8-gnu-toolchain/bin/../lib/gcc/avr/5.4.0/../../../../avr/lib/avr5\libc.a(malloc.o)
                0x00005308                malloc
                0x00005438                free
 .text.avr-libc
                0x0000554a      0x22c c:/program files (x86)/atmel/studio/7.0/toolchain/avr8/avr8-gnu-toolchain/bin/../lib/gcc/avr/5.4.0/../../../../avr/lib/avr5\libc.a(strtol.o)
                0x0000554a                strtol
 .text.avr-libc
                0x00005776        0x8 c:/program files (x86)/atmel/studio/7.0/toolchain/avr8/avr8-gnu-toolchain/bin/../lib/gcc/avr/5.4.0/../../../../avr/lib/avr5\libc.a(atof.o)
                0x00005776                atof
 .text.avr-libc
                0x0000577e       0x3c c:/program files (x86)/atmel/studio/7.0/toolchain/avr8/avr8-gnu-toolchain/bin/../lib/gcc/avr/5.4.0/../../../../avr/lib/avr5\libc.a(atoi.o)
                0x0000577e                atoi
 .text.avr-libc
                0x000057ba      0x1b0 c:/program files (x86)/atmel/studio/7.0/toolchain/avr8/avr8-gnu-toolchain/bin/../lib/gcc/avr/5.4.0/../../../../avr/lib/avr5\libc.a(ftoa_engine.o)
                0x000057ba                __ftoa_engine
 .text.avr-libc
                0x0000596a       0x14 c:/program files (x86)/atmel/studio/7.0/toolchain/avr8/avr8-gnu-toolchain/bin/../lib/gcc/avr/5.4.0/../../../../avr/lib/avr5\libc.a(isalnum.o)
                0x0000596a                isalnum
 .text.avr-libc
                0x0000597e        0x6 c:/program files (x86)/atmel/studio/7.0/toolchain/avr8/avr8-gnu-toolchain/bin/../lib/gcc/avr/5.4.0/../../../../avr/lib/avr5\libc.a(cty_isfalse.o)
                0x0000597e                __ctype_isfalse
                0x00005982                __ctype_istrue
 .text.avr-libc
                0x00005984       0x16 c:/program files (x86)/atmel/studio/7.0/toolchain/avr8/avr8-gnu-toolchain/bin/../lib/gcc/avr/5.4.0/../../../../avr/lib/avr5\libc.a(isalpha.o)
                0x00005984                isupper
                0x0000598a                isalpha
                0x0000598c                islower
 .text.avr-libc
                0x0000599a       0x12 c:/program files (x86)/atmel/studio/7.0/toolchain/avr8/avr8-gnu-toolchain/bin/../lib/gcc/avr/5.4.0/../../../../avr/lib/avr5\libc.a(isspace.o)
                0x0000599a                isspace
 .text.avr-libc
                0x000059ac       0x10 c:/program files (x86)/atmel/studio/7.0/toolchain/avr8/avr8-gnu-toolchain/bin/../lib/gcc/avr/5.4.0/../../../../avr/lib/avr5\libc.a(toupper.o)
                0x000059ac                toupper
 .text.avr-libc
                0x000059bc       0x16 c:/program files (x86)/atmel/studio/7.0/toolchain/avr8/avr8-gnu-toolchain/bin/../lib/gcc/avr/5.4.0/../../../../avr/lib/avr5\libc.a(strnlen_P.o)
                0x000059bc                strnlen_P
 .text.avr-libc
                0x000059d2       0x12 c:/program files (x86)/atmel/studio/7.0/toolchain/avr8/avr8-gnu-toolchain/bin/../lib/gcc/avr/5.4.0/../../../../avr/lib/avr5\libc.a(memcpy.o)
                0x000059d2                memcpy
 .text.avr-libc
                0x000059e4       0x16 c:/program files (x86)/atmel/studio/7.0/toolchain/avr8/avr8-gnu-toolchain/bin/../lib/gcc/avr/5.4.0/../../../../avr/lib/avr5\libc.a(strcat.o)
                0x000059e4                strcat
 .text.avr-libc
                0x000059fa       0x12 c:/program files (x86)/atmel/studio/7.0/toolchain/avr8/avr8-gnu-toolchain/bin/../lib/gcc/avr/5.4.0/../../../../avr/lib/avr5\libc.a(strcmp.o)
                0x000059fa                strcmp
 .text.avr-libc
                0x00005a0c        0xe c:/program files (x86)/atmel/studio/7.0/toolchain/avr8/avr8-gnu-toolchain/bin/../lib/gcc/avr/5.4.0/../../../../avr/lib/avr5\libc.a(strcpy.o)
                0x00005a0c                strcpy
 .text.avr-libc
                0x00005a1a       0x16 c:/program files (x86)/atmel/studio/7.0/toolchain/avr8/avr8-gnu-toolchain/bin/../lib/gcc/avr/5.4.0/../../../../avr/lib/avr5\libc.a(strnlen.o)
                0x00005a1a                strnlen
 .text.avr-libc
                0x00005a30       0x10 c:/program files (x86)/atmel/studio/7.0/toolchain/avr8/avr8-gnu-toolchain/bin/../lib/gcc/avr/5.4.0/../../../../avr/lib/avr5\libc.a(mul10.o)
                0x00005a30                __mulhi_const_10
 .text.avr-libc
                0x00005a40       0x78 c:/program files (x86)/atmel/studio/7.0/toolchain/avr8/avr8-gnu-toolchain/bin/../lib/gcc/avr/5.4.0/../../../../avr/lib/avr5\libc.a(fputc.o)
                0x00005a40                fputc
 .text.avr-libc
                0x00005ab8       0x44 c:/program files (x86)/atmel/studio/7.0/toolchain/avr8/avr8-gnu-toolchain/bin/../lib/gcc/avr/5.4.0/../../../../avr/lib/avr5\libc.a(sprintf.o)
                0x00005ab8                sprintf
 .text.avr-libc
                0x00005afc       0xbc c:/program files (x86)/atmel/studio/7.0/toolchain/avr8/avr8-gnu-toolchain/bin/../lib/gcc/avr/5.4.0/../../../../avr/lib/avr5\libc.a(ultoa_invert.o)
                0x00005afc                __ultoa_invert
 .text.avr-libc
                0x00005bb8      0x29c c:/program files (x86)/atmel/studio/7.0/toolchain/avr8/avr8-gnu-toolchain/bin/../lib/gcc/avr/5.4.0/../../../../avr/lib/avr5\libc.a(strtod.o)
                0x00005bb8                strtod
 .text.avr-libc
                0x00005e54       0x30 c:/program files (x86)/atmel/studio/7.0/toolchain/avr8/avr8-gnu-toolchain/bin/../lib/gcc/avr/5.4.0/../../../../avr/lib/avr5\libc.a(strncasecmp_P.o)
                0x00005e54                strncasecmp_P
 .text.avr-libc
                0x00005e84       0x10 C:/Program Files (x86)/Atmel/Studio/7.0/Packs/atmel/ATmega_DFP/1.2.209/gcc/dev/atmega32/avr5\libatmega32.a(eerd_byte.o)
                0x00005e84                eeprom_read_byte
 .text.avr-libc
                0x00005e94       0x1a C:/Program Files (x86)/Atmel/Studio/7.0/Packs/atmel/ATmega_DFP/1.2.209/gcc/dev/atmega32/avr5\libatmega32.a(eewr_byte.o)
                0x00005e94                eeprom_write_byte
                0x00005e96                eeprom_write_r18
 .text.libgcc.mul
                0x00005eae       0x20 c:/program files (x86)/atmel/studio/7.0/toolchain/avr8/avr8-gnu-toolchain/bin/../lib/gcc/avr/5.4.0/avr5\libgcc.a(_mulsi3.o)
                0x00005eae                __mulsi3
 .text.libgcc.div
                0x00005ece       0x44 c:/program files (x86)/atmel/studio/7.0/toolchain/avr8/avr8-gnu-toolchain/bin/../lib/gcc/avr/5.4.0/avr5\libgcc.a(_udivmodsi4.o)
                0x00005ece                __udivmodsi4
 .text.libgcc.mul
                0x00005f12       0x16 c:/program files (x86)/atmel/studio/7.0/toolchain/avr8/avr8-gnu-toolchain/bin/../lib/gcc/avr/5.4.0/avr5\libgcc.a(_muluhisi3.o)
                0x00005f12                __muluhisi3
 .text.libgcc.mul
                0x00005f28       0x1e c:/program files (x86)/atmel/studio/7.0/toolchain/avr8/avr8-gnu-toolchain/bin/../lib/gcc/avr/5.4.0/avr5\libgcc.a(_umulhisi3.o)
                0x00005f28                __umulhisi3
                0x00005f46                . = ALIGN (0x2)
 *(.fini9)
 .fini9         0x00005f46        0x0 c:/program files (x86)/atmel/studio/7.0/toolchain/avr8/avr8-gnu-toolchain/bin/../lib/gcc/avr/5.4.0/avr5\libgcc.a(_exit.o)
                0x00005f46                _exit
                0x00005f46                exit
 *(.fini9)
 *(.fini8)
 *(.fini8)
 *(.fini7)
 *(.fini7)
 *(.fini6)
 *(.fini6)
 *(.fini5)
 *(.fini5)
 *(.fini4)
 *(.fini4)
 *(.fini3)
 *(.fini3)
 *(.fini2)
 *(.fini2)
 *(.fini1)
 *(.fini1)
 *(.fini0)
 .fini0         0x00005f46        0x4 c:/program files (x86)/atmel/studio/7.0/toolchain/avr8/avr8-gnu-toolchain/bin/../lib/gcc/avr/5.4.0/avr5\libgcc.a(_exit.o)
 *(.fini0)
                0x00005f4a                _etext = .

.data           0x00800060      0x1b2 load address 0x00005f4a
                0x00800060                PROVIDE (__data_start, .)
 *(.data)
 .data          0x00800060        0x6 c:/program files (x86)/atmel/studio/7.0/toolchain/avr8/avr8-gnu-toolchain/bin/../lib/gcc/avr/5.4.0/../../../../avr/lib/avr5\libc.a(malloc.o)
                0x00800060                __malloc_heap_end
                0x00800062                __malloc_heap_start
                0x00800064                __malloc_margin
 *(.data*)
 .data.onPortA  0x00800066        0x1 LCD.o
                0x00800066                onPortA
 *(.gnu.linkonce.d*)
 *(.rodata)
 *(.rodata*)
 .rodata.str1.1
                0x00800067      0x1a0 Interpreter.o
                                0x1a8 (size before relaxing)
 .rodata.str1.1
                0x00800207        0x4 main.o
 .rodata.str1.1
                0x0080020b        0x7 Value.o
                                 0x12 (size before relaxing)
 *(.gnu.linkonce.r*)
                0x00800212                . = ALIGN (0x2)
                0x00800212                _edata = .
                0x00800212                PROVIDE (__data_end, .)

.bss            0x00800212       0x76
                0x00800212                PROVIDE (__bss_start, .)
 *(.bss)
 *(.bss*)
 .bss.rxChar    0x00800212        0x1 main.o
                0x00800212                rxChar
 .bss.charRx    0x00800213        0x1 main.o
                0x00800213                charRx
 .bss.eePtr     0x00800214        0x2 main.o
                0x00800214                eePtr
 .bss.waitPeriod
                0x00800216        0x2 main.o
                0x00800216                waitPeriod
 .bss.msg       0x00800218        0x2 Serial.o
                0x00800218                msg
 .bss.tail      0x0080021a        0x2 Serial.o
                0x0080021a                tail
 .bss.head      0x0080021c        0x2 Serial.o
                0x0080021c                head
 .bss.buf       0x0080021e       0x64 Serial.o
                0x0080021e                buf
 *(COMMON)
 COMMON         0x00800282        0x4 c:/program files (x86)/atmel/studio/7.0/toolchain/avr8/avr8-gnu-toolchain/bin/../lib/gcc/avr/5.4.0/../../../../avr/lib/avr5\libc.a(malloc.o)
                0x00800282                __brkval
                0x00800284                __flp
 COMMON         0x00800286        0x2 c:/program files (x86)/atmel/studio/7.0/toolchain/avr8/avr8-gnu-toolchain/bin/../lib/gcc/avr/5.4.0/../../../../avr/lib/avr5\libc.a(errno.o)
                0x00800286                errno
                0x00800288                PROVIDE (__bss_end, .)
                0x00005f4a                __data_load_start = LOADADDR (.data)
                0x000060fc                __data_load_end = (__data_load_start + SIZEOF (.data))

.noinit         0x00800288        0x0
                [!provide]                PROVIDE (__noinit_start, .)
 *(.noinit*)
                [!provide]                PROVIDE (__noinit_end, .)
                0x00800288                _end = .
                0x00800288                PROVIDE (__heap_start, .)

.eeprom         0x00810000      0x400
 *(.eeprom*)
 .eeprom        0x00810000      0x400 main.o
                0x00810000                buffer
                0x00810400                __eeprom_end = .

.fuse
 *(.fuse)
 *(.lfuse)
 *(.hfuse)
 *(.efuse)

.lock
 *(.lock*)

.signature
 *(.signature*)

.user_signatures
 *(.user_signatures*)

.stab
 *(.stab)

.stabstr
 *(.stabstr)

.stab.excl
 *(.stab.excl)

.stab.exclstr
 *(.stab.exclstr)

.stab.index
 *(.stab.index)

.stab.indexstr
 *(.stab.indexstr)

.comment        0x00000000       0x5c
 *(.comment)
 .comment       0x00000000       0x30 LCD.o
                                 0x31 (size before relaxing)
 .comment       0x00000030       0x31 Interpreter.o
 .comment       0x00000030       0x31 main.o
 .comment       0x00000030       0x31 Serial.o
 .comment       0x00000030       0x31 Value.o
 .comment       0x00000030       0x2c c:/program files (x86)/atmel/studio/7.0/toolchain/avr8/avr8-gnu-toolchain/bin/../lib/gcc/avr/5.4.0/../../../../avr/lib/avr5\libprintf_flt.a(vfprintf_flt.o)
                                 0x2d (size before relaxing)
 .comment       0x0000005c       0x31 c:/program files (x86)/atmel/studio/7.0/toolchain/avr8/avr8-gnu-toolchain/bin/../lib/gcc/avr/5.4.0/../../../../avr/lib/avr5\libc.a(malloc.o)
 .comment       0x0000005c       0x31 c:/program files (x86)/atmel/studio/7.0/toolchain/avr8/avr8-gnu-toolchain/bin/../lib/gcc/avr/5.4.0/../../../../avr/lib/avr5\libc.a(strtol.o)
 .comment       0x0000005c       0x31 c:/program files (x86)/atmel/studio/7.0/toolchain/avr8/avr8-gnu-toolchain/bin/../lib/gcc/avr/5.4.0/../../../../avr/lib/avr5\libc.a(fputc.o)
 .comment       0x0000005c       0x31 c:/program files (x86)/atmel/studio/7.0/toolchain/avr8/avr8-gnu-toolchain/bin/../lib/gcc/avr/5.4.0/../../../../avr/lib/avr5\libc.a(sprintf.o)
 .comment       0x0000005c       0x2d c:/program files (x86)/atmel/studio/7.0/toolchain/avr8/avr8-gnu-toolchain/bin/../lib/gcc/avr/5.4.0/../../../../avr/lib/avr5\libc.a(errno.o)
 .comment       0x0000005c       0x31 c:/program files (x86)/atmel/studio/7.0/toolchain/avr8/avr8-gnu-toolchain/bin/../lib/gcc/avr/5.4.0/../../../../avr/lib/avr5\libc.a(strtod.o)

.note.gnu.avr.deviceinfo
                0x00000000       0x3c
 .note.gnu.avr.deviceinfo
                0x00000000       0x3c C:/Program Files (x86)/Atmel/Studio/7.0/Packs/atmel/ATmega_DFP/1.2.209/gcc/dev/atmega32/avr5/crtatmega32.o

.note.gnu.build-id
 *(.note.gnu.build-id)

.debug
 *(.debug)

.line
 *(.line)

.debug_srcinfo
 *(.debug_srcinfo)

.debug_sfnames
 *(.debug_sfnames)

.debug_aranges  0x00000000       0x40
 *(.debug_aranges)
 .debug_aranges
                0x00000000       0x20 C:/Program Files (x86)/Atmel/Studio/7.0/Packs/atmel/ATmega_DFP/1.2.209/gcc/dev/atmega32/avr5\libatmega32.a(eerd_byte.o)
 .debug_aranges
                0x00000020       0x20 C:/Program Files (x86)/Atmel/Studio/7.0/Packs/atmel/ATmega_DFP/1.2.209/gcc/dev/atmega32/avr5\libatmega32.a(eewr_byte.o)

.debug_pubnames
 *(.debug_pubnames)

.debug_info     0x00000000      0x63a
 *(.debug_info .gnu.linkonce.wi.*)
 .debug_info    0x00000000      0x4e6 C:/Program Files (x86)/Atmel/Studio/7.0/Packs/atmel/ATmega_DFP/1.2.209/gcc/dev/atmega32/avr5/crtatmega32.o
 .debug_info    0x000004e6       0xaa C:/Program Files (x86)/Atmel/Studio/7.0/Packs/atmel/ATmega_DFP/1.2.209/gcc/dev/atmega32/avr5\libatmega32.a(eerd_byte.o)
 .debug_info    0x00000590       0xaa C:/Program Files (x86)/Atmel/Studio/7.0/Packs/atmel/ATmega_DFP/1.2.209/gcc/dev/atmega32/avr5\libatmega32.a(eewr_byte.o)

.debug_abbrev   0x00000000      0x4cb
 *(.debug_abbrev)
 .debug_abbrev  0x00000000      0x4a3 C:/Program Files (x86)/Atmel/Studio/7.0/Packs/atmel/ATmega_DFP/1.2.209/gcc/dev/atmega32/avr5/crtatmega32.o
 .debug_abbrev  0x000004a3       0x14 C:/Program Files (x86)/Atmel/Studio/7.0/Packs/atmel/ATmega_DFP/1.2.209/gcc/dev/atmega32/avr5\libatmega32.a(eerd_byte.o)
 .debug_abbrev  0x000004b7       0x14 C:/Program Files (x86)/Atmel/Studio/7.0/Packs/atmel/ATmega_DFP/1.2.209/gcc/dev/atmega32/avr5\libatmega32.a(eewr_byte.o)

.debug_line     0x00000000      0x227
 *(.debug_line .debug_line.* .debug_line_end)
 .debug_line    0x00000000      0x115 C:/Program Files (x86)/Atmel/Studio/7.0/Packs/atmel/ATmega_DFP/1.2.209/gcc/dev/atmega32/avr5/crtatmega32.o
 .debug_line    0x00000115       0x7a C:/Program Files (x86)/Atmel/Studio/7.0/Packs/atmel/ATmega_DFP/1.2.209/gcc/dev/atmega32/avr5\libatmega32.a(eerd_byte.o)
 .debug_line    0x0000018f       0x98 C:/Program Files (x86)/Atmel/Studio/7.0/Packs/atmel/ATmega_DFP/1.2.209/gcc/dev/atmega32/avr5\libatmega32.a(eewr_byte.o)

.debug_frame
 *(.debug_frame)

.debug_str      0x00000000      0x196
 *(.debug_str)
 .debug_str     0x00000000      0x196 C:/Program Files (x86)/Atmel/Studio/7.0/Packs/atmel/ATmega_DFP/1.2.209/gcc/dev/atmega32/avr5/crtatmega32.o

.debug_loc
 *(.debug_loc)

.debug_macinfo
 *(.debug_macinfo)

.debug_weaknames
 *(.debug_weaknames)

.debug_funcnames
 *(.debug_funcnames)

.debug_typenames
 *(.debug_typenames)

.debug_varnames
 *(.debug_varnames)

.debug_pubtypes
 *(.debug_pubtypes)

.debug_ranges
 *(.debug_ranges)

.debug_macro
 *(.debug_macro)
OUTPUT(cc.elf elf32-avr)
LOAD linker stubs
