Archive member included to satisfy reference by file (symbol)

c:/program files (x86)/atmel/studio/7.0/toolchain/avr8/avr8-gnu-toolchain/bin/../lib/gcc/avr/5.4.0/../../../../avr/lib/avr51\libm.a(addsf3.o)
                              Value.o (__subsf3)
c:/program files (x86)/atmel/studio/7.0/toolchain/avr8/avr8-gnu-toolchain/bin/../lib/gcc/avr/5.4.0/../../../../avr/lib/avr51\libm.a(addsf3x.o)
                              c:/program files (x86)/atmel/studio/7.0/toolchain/avr8/avr8-gnu-toolchain/bin/../lib/gcc/avr/5.4.0/../../../../avr/lib/avr51\libm.a(addsf3.o) (__addsf3x)
c:/program files (x86)/atmel/studio/7.0/toolchain/avr8/avr8-gnu-toolchain/bin/../lib/gcc/avr/5.4.0/../../../../avr/lib/avr51\libm.a(cmpsf2.o)
                              Value.o (__eqsf2)
c:/program files (x86)/atmel/studio/7.0/toolchain/avr8/avr8-gnu-toolchain/bin/../lib/gcc/avr/5.4.0/../../../../avr/lib/avr51\libm.a(divsf3.o)
                              Interpreter.o (__divsf3)
c:/program files (x86)/atmel/studio/7.0/toolchain/avr8/avr8-gnu-toolchain/bin/../lib/gcc/avr/5.4.0/../../../../avr/lib/avr51\libm.a(divsf3x.o)
                              c:/program files (x86)/atmel/studio/7.0/toolchain/avr8/avr8-gnu-toolchain/bin/../lib/gcc/avr/5.4.0/../../../../avr/lib/avr51\libm.a(divsf3.o) (__divsf3x)
c:/program files (x86)/atmel/studio/7.0/toolchain/avr8/avr8-gnu-toolchain/bin/../lib/gcc/avr/5.4.0/../../../../avr/lib/avr51\libm.a(fixsfsi.o)
                              Value.o (__fixsfsi)
c:/program files (x86)/atmel/studio/7.0/toolchain/avr8/avr8-gnu-toolchain/bin/../lib/gcc/avr/5.4.0/../../../../avr/lib/avr51\libm.a(fixunssfsi.o)
                              c:/program files (x86)/atmel/studio/7.0/toolchain/avr8/avr8-gnu-toolchain/bin/../lib/gcc/avr/5.4.0/../../../../avr/lib/avr51\libm.a(fixsfsi.o) (__fixunssfsi)
c:/program files (x86)/atmel/studio/7.0/toolchain/avr8/avr8-gnu-toolchain/bin/../lib/gcc/avr/5.4.0/../../../../avr/lib/avr51\libm.a(floatsisf.o)
                              Interpreter.o (__floatsisf)
c:/program files (x86)/atmel/studio/7.0/toolchain/avr8/avr8-gnu-toolchain/bin/../lib/gcc/avr/5.4.0/../../../../avr/lib/avr51\libm.a(fp_cmp.o)
                              c:/program files (x86)/atmel/studio/7.0/toolchain/avr8/avr8-gnu-toolchain/bin/../lib/gcc/avr/5.4.0/../../../../avr/lib/avr51\libm.a(cmpsf2.o) (__fp_cmp)
c:/program files (x86)/atmel/studio/7.0/toolchain/avr8/avr8-gnu-toolchain/bin/../lib/gcc/avr/5.4.0/../../../../avr/lib/avr51\libm.a(fp_inf.o)
                              c:/program files (x86)/atmel/studio/7.0/toolchain/avr8/avr8-gnu-toolchain/bin/../lib/gcc/avr/5.4.0/../../../../avr/lib/avr51\libm.a(addsf3x.o) (__fp_inf)
c:/program files (x86)/atmel/studio/7.0/toolchain/avr8/avr8-gnu-toolchain/bin/../lib/gcc/avr/5.4.0/../../../../avr/lib/avr51\libm.a(fp_nan.o)
                              c:/program files (x86)/atmel/studio/7.0/toolchain/avr8/avr8-gnu-toolchain/bin/../lib/gcc/avr/5.4.0/../../../../avr/lib/avr51\libm.a(addsf3x.o) (__fp_nan)
c:/program files (x86)/atmel/studio/7.0/toolchain/avr8/avr8-gnu-toolchain/bin/../lib/gcc/avr/5.4.0/../../../../avr/lib/avr51\libm.a(fp_pscA.o)
                              c:/program files (x86)/atmel/studio/7.0/toolchain/avr8/avr8-gnu-toolchain/bin/../lib/gcc/avr/5.4.0/../../../../avr/lib/avr51\libm.a(addsf3x.o) (__fp_pscA)
c:/program files (x86)/atmel/studio/7.0/toolchain/avr8/avr8-gnu-toolchain/bin/../lib/gcc/avr/5.4.0/../../../../avr/lib/avr51\libm.a(fp_pscB.o)
                              c:/program files (x86)/atmel/studio/7.0/toolchain/avr8/avr8-gnu-toolchain/bin/../lib/gcc/avr/5.4.0/../../../../avr/lib/avr51\libm.a(addsf3x.o) (__fp_pscB)
c:/program files (x86)/atmel/studio/7.0/toolchain/avr8/avr8-gnu-toolchain/bin/../lib/gcc/avr/5.4.0/../../../../avr/lib/avr51\libm.a(fp_round.o)
                              c:/program files (x86)/atmel/studio/7.0/toolchain/avr8/avr8-gnu-toolchain/bin/../lib/gcc/avr/5.4.0/../../../../avr/lib/avr51\libm.a(addsf3.o) (__fp_round)
c:/program files (x86)/atmel/studio/7.0/toolchain/avr8/avr8-gnu-toolchain/bin/../lib/gcc/avr/5.4.0/../../../../avr/lib/avr51\libm.a(fp_split3.o)
                              c:/program files (x86)/atmel/studio/7.0/toolchain/avr8/avr8-gnu-toolchain/bin/../lib/gcc/avr/5.4.0/../../../../avr/lib/avr51\libm.a(addsf3x.o) (__fp_split3)
c:/program files (x86)/atmel/studio/7.0/toolchain/avr8/avr8-gnu-toolchain/bin/../lib/gcc/avr/5.4.0/../../../../avr/lib/avr51\libm.a(fp_zero.o)
                              c:/program files (x86)/atmel/studio/7.0/toolchain/avr8/avr8-gnu-toolchain/bin/../lib/gcc/avr/5.4.0/../../../../avr/lib/avr51\libm.a(addsf3x.o) (__fp_zero)
c:/program files (x86)/atmel/studio/7.0/toolchain/avr8/avr8-gnu-toolchain/bin/../lib/gcc/avr/5.4.0/../../../../avr/lib/avr51\libm.a(gesf2.o)
                              Value.o (__gesf2)
[...]
Memory Configuration

Name             Origin             Length             Attributes
text             0x00000000         0x00020000         xr
data             0x00800100         0x0000ff00         rw !x
eeprom           0x00810000         0x00010000         rw !x
fuse             0x00820000         0x00000003         rw !x
lock             0x00830000         0x00000400         rw !x
signature        0x00840000         0x00000400         rw !x
user_signatures  0x00850000         0x00000400         rw !x
*default*        0x00000000         0xffffffff

Linker script and memory map

Address of section .data set to 0x800100
LOAD C:/Program Files (x86)/Atmel/Studio/7.0/Packs/atmel/ATmega_DFP/1.2.209/gcc/dev/atmega1284/avr51/crtatmega1284.o
LOAD LCD.o
LOAD Interpreter.o
LOAD main.o
LOAD Serial.o
LOAD Value.o
START GROUP
LOAD c:/program files (x86)/atmel/studio/7.0/toolchain/avr8/avr8-gnu-toolchain/bin/../lib/gcc/avr/5.4.0/../../../../avr/lib/avr51\libm.a
END GROUP
LOAD c:/program files (x86)/atmel/studio/7.0/toolchain/avr8/avr8-gnu-toolchain/bin/../lib/gcc/avr/5.4.0/../../../../avr/lib/avr51\libprintf_flt.a
LOAD c:/program files (x86)/atmel/studio/7.0/toolchain/avr8/avr8-gnu-toolchain/bin/../lib/gcc/avr/5.4.0/avr51\libgcc.a
LOAD c:/program files (x86)/atmel/studio/7.0/toolchain/avr8/avr8-gnu-toolchain/bin/../lib/gcc/avr/5.4.0/../../../../avr/lib/avr51\libm.a
START GROUP
LOAD c:/program files (x86)/atmel/studio/7.0/toolchain/avr8/avr8-gnu-toolchain/bin/../lib/gcc/avr/5.4.0/avr51\libgcc.a
LOAD c:/program files (x86)/atmel/studio/7.0/toolchain/avr8/avr8-gnu-toolchain/bin/../lib/gcc/avr/5.4.0/../../../../avr/lib/avr51\libm.a
LOAD c:/program files (x86)/atmel/studio/7.0/toolchain/avr8/avr8-gnu-toolchain/bin/../lib/gcc/avr/5.4.0/../../../../avr/lib/avr51\libc.a
LOAD C:/Program Files (x86)/Atmel/Studio/7.0/Packs/atmel/ATmega_DFP/1.2.209/gcc/dev/atmega1284/avr51\libatmega1284.a
END GROUP
                0x00020000                __TEXT_REGION_LENGTH__ = DEFINED (__TEXT_REGION_LENGTH__)?__TEXT_REGION_LENGTH__:0x20000
                0x0000ff00                __DATA_REGION_LENGTH__ = DEFINED (__DATA_REGION_LENGTH__)?__DATA_REGION_LENGTH__:0xff00
                0x00010000                __EEPROM_REGION_LENGTH__ = DEFINED (__EEPROM_REGION_LENGTH__)?__EEPROM_REGION_LENGTH__:0x10000
                [0x00000003]                __FUSE_REGION_LENGTH__ = DEFINED (__FUSE_REGION_LENGTH__)?__FUSE_REGION_LENGTH__:0x400
                0x00000400                __LOCK_REGION_LENGTH__ = DEFINED (__LOCK_REGION_LENGTH__)?__LOCK_REGION_LENGTH__:0x400
                0x00000400                __SIGNATURE_REGION_LENGTH__ = DEFINED (__SIGNATURE_REGION_LENGTH__)?__SIGNATURE_REGION_LENGTH__:0x400
                0x00000400                __USER_SIGNATURE_REGION_LENGTH__ = DEFINED (__USER_SIGNATURE_REGION_LENGTH__)?__USER_SIGNATURE_REGION_LENGTH__:0x400

.hash
 *(.hash)

.dynsym
 *(.dynsym)

.dynstr
 *(.dynstr)

.gnu.version
 *(.gnu.version)

.gnu.version_d
 *(.gnu.version_d)

.gnu.version_r
 *(.gnu.version_r)

.rel.init
 *(.rel.init)

.rela.init
 *(.rela.init)

.rel.text
 *(.rel.text)
 *(.rel.text.*)
 *(.rel.gnu.linkonce.t*)

.rela.text
 *(.rela.text)
 *(.rela.text.*)
 *(.rela.gnu.linkonce.t*)

.rel.fini
 *(.rel.fini)

.rela.fini
 *(.rela.fini)

.rel.rodata
 *(.rel.rodata)
 *(.rel.rodata.*)
 *(.rel.gnu.linkonce.r*)

.rela.rodata
 *(.rela.rodata)
 *(.rela.rodata.*)
 *(.rela.gnu.linkonce.r*)

.rel.data
 *(.rel.data)
 *(.rel.data.*)
 *(.rel.gnu.linkonce.d*)

.rela.data
 *(.rela.data)
 *(.rela.data.*)
 *(.rela.gnu.linkonce.d*)

.rel.ctors
 *(.rel.ctors)

.rela.ctors
 *(.rela.ctors)

.rel.dtors
 *(.rel.dtors)

.rela.dtors
 *(.rela.dtors)

.rel.got
 *(.rel.got)

.rela.got
 *(.rela.got)

.rel.bss
 *(.rel.bss)

.rela.bss
 *(.rela.bss)

.rel.plt
 *(.rel.plt)

.rela.plt
 *(.rela.plt)

.text           0x00000000     0x6946
 *(.vectors)
 .vectors       0x00000000       0x8c C:/Program Files (x86)/Atmel/Studio/7.0/Packs/atmel/ATmega_DFP/1.2.209/gcc/dev/atmega1284/avr51/crtatmega1284.o
                0x00000000                __vector_default
                0x00000000                __vectors
 *(.vectors)
 *(.progmem.gcc*)
                0x0000008c                . = ALIGN (0x2)
                0x0000008c                __trampolines_start = .
 *(.trampolines)
 .trampolines   0x0000008c        0x0 linker stubs
 *(.trampolines*)
                0x0000008c                __trampolines_end = .
 *libprintf_flt.a:*(.progmem.data)
 .progmem.data  0x0000008c        0x8 c:/program files (x86)/atmel/studio/7.0/toolchain/avr8/avr8-gnu-toolchain/bin/../lib/gcc/avr/5.4.0/../../../../avr/lib/avr51\libprintf_flt.a(vfprintf_flt.o)
 *libc.a:*(.progmem.data)
 .progmem.data  0x00000094       0xfa c:/program files (x86)/atmel/studio/7.0/toolchain/avr8/avr8-gnu-toolchain/bin/../lib/gcc/avr/5.4.0/../../../../avr/lib/avr51\libc.a(ftoa_engine.o)
 .progmem.data  0x0000018e       0x3b c:/program files (x86)/atmel/studio/7.0/toolchain/avr8/avr8-gnu-toolchain/bin/../lib/gcc/avr/5.4.0/../../../../avr/lib/avr51\libc.a(strtod.o)
 *(.progmem*)
                0x000001ca                . = ALIGN (0x2)
 *fill*         0x000001c9        0x1 
 *(.jumptables)
 *(.jumptables*)
 *(.lowtext)
 *(.lowtext*)
                0x000001ca                __ctors_start = .
 *(.ctors)
                0x000001ca                __ctors_end = .
                0x000001ca                __dtors_start = .
 *(.dtors)
                0x000001ca                __dtors_end = .
 SORT(*)(.ctors)
 SORT(*)(.dtors)
 *(.init0)
 .init0         0x000001ca        0x0 C:/Program Files (x86)/Atmel/Studio/7.0/Packs/atmel/ATmega_DFP/1.2.209/gcc/dev/atmega1284/avr51/crtatmega1284.o
                0x000001ca                __init
 *(.init0)
 *(.init1)
 *(.init1)
 *(.init2)
 .init2         0x000001ca        0xc C:/Program Files (x86)/Atmel/Studio/7.0/Packs/atmel/ATmega_DFP/1.2.209/gcc/dev/atmega1284/avr51/crtatmega1284.o
 *(.init2)
 *(.init3)
 .init3         0x000001d6       0x18 main.o
                0x000001d6                _Z8wdt_initv
 *(.init3)
 *(.init4)
 .init4         0x000001ee       0x1a c:/program files (x86)/atmel/studio/7.0/toolchain/avr8/avr8-gnu-toolchain/bin/../lib/gcc/avr/5.4.0/avr51\libgcc.a(_copy_data.o)
                0x000001ee                __do_copy_data
 .init4         0x00000208       0x10 c:/program files (x86)/atmel/studio/7.0/toolchain/avr8/avr8-gnu-toolchain/bin/../lib/gcc/avr/5.4.0/avr51\libgcc.a(_clear_bss.o)
                0x00000208                __do_clear_bss
 *(.init4)
 *(.init5)
 *(.init5)
 *(.init6)
 *(.init6)
 *(.init7)
 *(.init7)
 *(.init8)
 *(.init8)
 *(.init9)
 .init9         0x00000218        0x8 C:/Program Files (x86)/Atmel/Studio/7.0/Packs/atmel/ATmega_DFP/1.2.209/gcc/dev/atmega1284/avr51/crtatmega1284.o
 *(.init9)
 *(.text)
 .text          0x00000220        0x2 C:/Program Files (x86)/Atmel/Studio/7.0/Packs/atmel/ATmega_DFP/1.2.209/gcc/dev/atmega1284/avr51/crtatmega1284.o
                0x00000220                __vector_22
                0x00000220                __vector_1
                0x00000220                __vector_32
                0x00000220                __vector_34
                0x00000220                __vector_24
                0x00000220                __vector_12
                0x00000220                __bad_interrupt
                0x00000220                __vector_6
                0x00000220                __vector_31
                0x00000220                __vector_3
                0x00000220                __vector_23
                0x00000220                __vector_30
                0x00000220                __vector_25
                0x00000220                __vector_11
                0x00000220                __vector_13
                0x00000220                __vector_17
                0x00000220                __vector_19
                0x00000220                __vector_7
                0x00000220                __vector_27
                0x00000220                __vector_5
                0x00000220                __vector_33
                0x00000220                __vector_4
                0x00000220                __vector_9
                0x00000220                __vector_2
                0x00000220                __vector_21
                0x00000220                __vector_15
                0x00000220                __vector_29
                0x00000220                __vector_8
                0x00000220                __vector_26
                0x00000220                __vector_14
                0x00000220                __vector_10
                0x00000220                __vector_16
                0x00000220                __vector_18
                0x00000222                . = ALIGN (0x2)
 *(.text.*)
 .text._Z13SetNibblePinsc
                0x00000222       0x6a LCD.o
                0x00000222                _Z13SetNibblePinsc
 .text._Z4SetEb
                0x0000028c       0x20 LCD.o
                0x0000028c                _Z4SetEb
 .text._Z5SetRWb
                0x000002ac       0x20 LCD.o
                0x000002ac                _Z5SetRWb
 .text._Z5SetRSb
                0x000002cc       0x20 LCD.o
                0x000002cc                _Z5SetRSb
 .text._Z8WriteLCDcb
                0x000002ec       0x80 LCD.o
                0x000002ec                _Z8WriteLCDcb
 .text._Z7InitLCDb
                0x0000036c       0x4c LCD.o
                0x0000036c                _Z7InitLCDb
 .text._Z10lcd_printfPKc
                0x000003b8       0x18 LCD.o
                0x000003b8                _Z10lcd_printfPKc
 .text._Z8ClearLCDv
                0x000003d0        0x6 LCD.o
                0x000003d0                _Z8ClearLCDv
 .text._Z9SetLCD_XYii
                0x000003d6       0x10 LCD.o
                0x000003d6                _Z9SetLCD_XYii
 .text._ZN11InterpreterC2Ev
                0x000003e6       0x52 Interpreter.o
                0x000003e6                _ZN11InterpreterC2Ev
                0x000003e6                _ZN11InterpreterC1Ev
 .text._ZN11Interpreter17get_next_pgm_byteEi
                0x00000438       0x26 Interpreter.o
                0x00000438                _ZN11Interpreter17get_next_pgm_byteEi
 .text._ZN11Interpreter5errorEPc
                0x0000045e       0x8e Interpreter.o
                0x0000045e                _ZN11Interpreter5errorEPc
 .text._ZN11Interpreter7advanceEv
                0x000004ec       0x36 Interpreter.o
                0x000004ec                _ZN11Interpreter7advanceEv
 .text._ZN11Interpreter4peekEv
                0x00000522       0x20 Interpreter.o
                0x00000522                _ZN11Interpreter4peekEv
 .text._ZN11Interpreter15skip_whitespaceEv
                0x00000542       0x32 Interpreter.o
                0x00000542                _ZN11Interpreter15skip_whitespaceEv
 .text._ZN11Interpreter12parse_numberEv
                0x00000574      0x134 Interpreter.o
                0x00000574                _ZN11Interpreter12parse_numberEv
 .text._ZN11Interpreter9parse_hexEv
                0x000006a8       0xda Interpreter.o
                0x000006a8                _ZN11Interpreter9parse_hexEv
 .text._ZN11Interpreter12parse_stringEv
                0x00000782      0x124 Interpreter.o
                0x00000782                _ZN11Interpreter12parse_stringEv
 .text._Z10nocase_cmpPcPKc
                0x000008a6       0x74 Interpreter.o
                0x000008a6                _Z10nocase_cmpPcPKc
 .text._ZN11Interpreter3_idEv
                0x0000091a      0x8bc Interpreter.o
                0x0000091a                _ZN11Interpreter3_idEv
 .text._ZN11Interpreter14get_next_tokenEv
                0x000011d6      0x2ee Interpreter.o
                0x000011d6                _ZN11Interpreter14get_next_tokenEv
 .text._ZN11Interpreter3eatE9TokenType
                0x000014c4       0x76 Interpreter.o
                0x000014c4                _ZN11Interpreter3eatE9TokenType
 .text._ZN11Interpreter10lookup_varEPKc
                0x0000153a       0xce Interpreter.o
                0x0000153a                _ZN11Interpreter10lookup_varEPKc
 .text._ZN11Interpreter9store_varEPKc5Value
                0x00001608       0xc2 Interpreter.o
                0x00001608                _ZN11Interpreter9store_varEPKc5Value
 .text._ZN11Interpreter7delayMsEi
                0x000016ca       0x1a Interpreter.o
                0x000016ca                _ZN11Interpreter7delayMsEi
 .text._ZN11Interpreter9strlen_eeEPc
                0x000016e4       0x32 Interpreter.o
                0x000016e4                _ZN11Interpreter9strlen_eeEPc
 .text._ZN11InterpreterC2EPc
                0x00001716       0xd6 Interpreter.o
                0x00001716                _ZN11InterpreterC1EPc
                0x00001716                _ZN11InterpreterC2EPc
 .text._ZN11Interpreter7freeRAMEv
                0x000017ec       0x38 Interpreter.o
                0x000017ec                _ZN11Interpreter7freeRAMEv
 .text._ZN11Interpreter13function_callEv
                0x00001824      0x92e Interpreter.o
                0x00001824                _ZN11Interpreter13function_callEv
 .text._ZN11Interpreter6factorEv
                0x00002152      0x1b2 Interpreter.o
                0x00002152                _ZN11Interpreter6factorEv
 .text._ZN11Interpreter4termEv
                0x00002304      0x24c Interpreter.o
                0x00002304                _ZN11Interpreter4termEv
 .text._ZN11Interpreter4exprEv
                0x00002550      0x138 Interpreter.o
                0x00002550                _ZN11Interpreter4exprEv
 .text._ZN11Interpreter20assignment_statementEv
                0x00002688      0x25a Interpreter.o
                0x00002688                _ZN11Interpreter20assignment_statementEv
 .text._ZN11Interpreter9statementEv
                0x000028e2       0xa6 Interpreter.o
                0x000028e2                _ZN11Interpreter9statementEv
 .text._ZN11Interpreter13for_statementEv
                0x00002988      0x218 Interpreter.o
                0x00002988                _ZN11Interpreter13for_statementEv
 .text._ZN11Interpreter17execute_statementEPc
                0x00002ba0       0x9a Interpreter.o
                0x00002ba0                _ZN11Interpreter17execute_statementEPc
 .text._ZN11Interpreter14statement_listEv
                0x00002c3a       0x36 Interpreter.o
                0x00002c3a                _ZN11Interpreter14statement_listEv
 .text._ZN11Interpreter3runEv
                0x00002c70        0x2 Interpreter.o
                0x00002c70                _ZN11Interpreter3runEv
 .text._ZN11Interpreter15gosub_statementEv
                0x00002c72      0x12a Interpreter.o
                0x00002c72                _ZN11Interpreter15gosub_statementEv
 .text._ZN11Interpreter12if_statementEv
                0x00002d9c       0xfe Interpreter.o
                0x00002d9c                _ZN11Interpreter12if_statementEv
 .text._ZN11Interpreter15while_statementEv
                0x00002e9a      0x156 Interpreter.o
                0x00002e9a                _ZN11Interpreter15while_statementEv
 .text.startup.main
                0x00002ff0      0x198 main.o
                0x00002ff0                main
 .text.__vector_20
                0x00003188       0x68 Serial.o
                0x00003188                __vector_20
 .text.__vector_28
                0x000031f0       0x68 Serial.o
                0x000031f0                __vector_28
 .text._Z11send_stringPc
                0x00003258       0x18 Serial.o
                0x00003258                _Z11send_stringPc
 .text._Z10get_stringPcj
                0x00003270       0x38 Serial.o
                0x00003270                _Z10get_stringPcj
 .text._Z8get_bytev
                0x000032a8       0x30 Serial.o
                0x000032a8                _Z8get_bytev
 .text._Z9send_bytec
                0x000032d8        0xe Serial.o
                0x000032d8                _Z9send_bytec
 .text._Z10readRxlinev
                0x000032e6      0x12e Serial.o
                0x000032e6                _Z10readRxlinev
 .text._Z9grabbytesi
                0x00003414       0x92 Serial.o
                0x00003414                _Z9grabbytesi
 .text._Z11indexRxBytei
                0x000034a6       0x12 Serial.o
                0x000034a6                _Z11indexRxBytei
 .text._Z5resetv
                0x000034b8       0x12 Serial.o
                0x000034b8                _Z5resetv
 .text._Z12send_string1Pc
                0x000034ca       0x18 Serial.o
                0x000034ca                _Z12send_string1Pc
 .text._Z11get_string1Pcj
                0x000034e2       0x38 Serial.o
                0x000034e2                _Z11get_string1Pcj
 .text._Z9get_byte1v
                0x0000351a       0x30 Serial.o
                0x0000351a                _Z9get_byte1v
 .text._Z10send_byte1c
                0x0000354a        0xe Serial.o
                0x0000354a                _Z10send_byte1c
 .text._Z11readRxline1v
                0x00003558      0x12e Serial.o
                0x00003558                _Z11readRxline1v
 .text._Z10grabbytes1i
                0x00003686       0x92 Serial.o
                0x00003686                _Z10grabbytes1i
 .text._Z12indexRxByte1i
                0x00003718       0x12 Serial.o
                0x00003718                _Z12indexRxByte1i
 .text._Z6reset1v
                0x0000372a       0x12 Serial.o
                0x0000372a                _Z6reset1v
 .text._ZN5ValueC2Ev
                0x0000373c        0x2 Value.o
                0x0000373c                _ZN5ValueC2Ev
                0x0000373c                _ZN5ValueC1Ev
 .text._ZN5ValueC2Ei
                0x0000373e       0x36 Value.o
                0x0000373e                _ZN5ValueC2Ei
                0x0000373e                _ZN5ValueC1Ei
 .text._ZN5ValueC2Ec
                0x00003774       0x3a Value.o
                0x00003774                _ZN5ValueC2Ec
                0x00003774                _ZN5ValueC1Ec
 .text._ZN5ValueC2EPKc
                0x000037ae       0x16 Value.o
                0x000037ae                _ZN5ValueC2EPKc
                0x000037ae                _ZN5ValueC1EPKc
 .text._ZN5ValueC2Eb
                0x000037c4       0x10 Value.o
                0x000037c4                _ZN5ValueC2Eb
                0x000037c4                _ZN5ValueC1Eb
 .text._ZN5ValueC2Ed
                0x000037d4       0x10 Value.o
                0x000037d4                _ZN5ValueC1Ed
                0x000037d4                _ZN5ValueC2Ed
 .text._ZN5ValueC2E4TYPEi
                0x000037e4       0x70 Value.o
                0x000037e4                _ZN5ValueC1E4TYPEi
                0x000037e4                _ZN5ValueC2E4TYPEi
 .text._ZplRK5ValueS1_
                0x00003854      0x2aa Value.o
                0x00003854                _ZplRK5ValueS1_
 .text._ZmiRK5ValueS1_
                0x00003afe      0x11a Value.o
                0x00003afe                _ZmiRK5ValueS1_
 .text._ZmlRK5ValueS1_
                0x00003c18      0x126 Value.o
                0x00003c18                _ZmlRK5ValueS1_
 .text._ZdvRK5ValueS1_
                0x00003d3e      0x11c Value.o
                0x00003d3e                _ZdvRK5ValueS1_
 .text._ZrmRK5ValueS1_
                0x00003e5a       0xe6 Value.o
                0x00003e5a                _ZrmRK5ValueS1_
 .text._ZlsRK5ValueS1_
                0x00003f40      0x100 Value.o
                0x00003f40                _ZlsRK5ValueS1_
 .text._ZrsRK5ValueS1_
                0x00004040      0x100 Value.o
                0x00004040                _ZrsRK5ValueS1_
 .text._ZanRK5ValueS1_
                0x00004140      0x2ac Value.o
                0x00004140                _ZanRK5ValueS1_
 .text._ZorRK5ValueS1_
                0x000043ec      0x122 Value.o
                0x000043ec                _ZorRK5ValueS1_
 .text._ZntRK5Value
                0x0000450e       0x92 Value.o
                0x0000450e                _ZntRK5Value
 .text._ZeoRK5ValueS1_
                0x000045a0      0x116 Value.o
                0x000045a0                _ZeoRK5ValueS1_
 .text._ZeqRK5ValueS1_
                0x000046b6      0x130 Value.o
                0x000046b6                _ZeqRK5ValueS1_
 .text._ZneRK5ValueS1_
                0x000047e6      0x132 Value.o
                0x000047e6                _ZneRK5ValueS1_
 .text._ZltRK5ValueS1_
                0x00004918      0x108 Value.o
                0x00004918                _ZltRK5ValueS1_
 .text._ZleRK5ValueS1_
                0x00004a20      0x152 Value.o
                0x00004a20                _ZleRK5ValueS1_
 .text._ZgtRK5ValueS1_
                0x00004b72      0x152 Value.o
                0x00004b72                _ZgtRK5ValueS1_
 .text._ZgeRK5ValueS1_
                0x00004cc4      0x14c Value.o
                0x00004cc4                _ZgeRK5ValueS1_
 .text._ZpsRK5Value
                0x00004e10       0x82 Value.o
                0x00004e10                _ZpsRK5Value
 .text._ZngRK5Value
                0x00004e92       0x8a Value.o
                0x00004e92                _ZngRK5Value
 .text._ZN5Value9ToBooleanEv
                0x00004f1c       0x4c Value.o
                0x00004f1c                _ZN5Value9ToBooleanEv
 .text._ZN5Value5ToIntEv
                0x00004f68       0x38 Value.o
                0x00004f68                _ZN5Value5ToIntEv
 .text._ZN5Value8ToDoubleEv
                0x00004fa0       0x4c Value.o
                0x00004fa0                _ZN5Value8ToDoubleEv
 .text._ZN5Value8ToStringEv
                0x00004fec       0x92 Value.o
                0x00004fec                _ZN5Value8ToStringEv
 .text._ZN5Value11index_arrayEi
                0x0000507e       0x64 Value.o
                0x0000507e                _ZN5Value11index_arrayEi
 .text._ZN5Value12update_arrayEii
                0x000050e2       0x1e Value.o
                0x000050e2                _ZN5Value12update_arrayEii
 .text._ZN5Value12update_arrayEid
                0x00005100       0x2a Value.o
                0x00005100                _ZN5Value12update_arrayEid
 .text.avr-libc.fplib
                0x0000512a        0xa c:/program files (x86)/atmel/studio/7.0/toolchain/avr8/avr8-gnu-toolchain/bin/../lib/gcc/avr/5.4.0/../../../../avr/lib/avr51\libm.a(addsf3.o)
                0x0000512a                __subsf3
                0x0000512c                __addsf3
 .text.avr-libc.fplib
                0x00005134       0xc0 c:/program files (x86)/atmel/studio/7.0/toolchain/avr8/avr8-gnu-toolchain/bin/../lib/gcc/avr/5.4.0/../../../../avr/lib/avr51\libm.a(addsf3x.o)
                0x0000514e                __addsf3x
 .text.avr-libc.fplib
                0x000051f4        0x8 c:/program files (x86)/atmel/studio/7.0/toolchain/avr8/avr8-gnu-toolchain/bin/../lib/gcc/avr/5.4.0/../../../../avr/lib/avr51\libm.a(cmpsf2.o)
                0x000051f4                __nesf2
                0x000051f4                __eqsf2
                0x000051f4                __cmpsf2
                0x000051f4                __ltsf2
                0x000051f4                __lesf2
 .text.avr-libc.fplib
                0x000051fc        0x4 c:/program files (x86)/atmel/studio/7.0/toolchain/avr8/avr8-gnu-toolchain/bin/../lib/gcc/avr/5.4.0/../../../../avr/lib/avr51\libm.a(divsf3.o)
                0x000051fc                __divsf3
 .text.avr-libc.fplib
                0x00005200       0xcc c:/program files (x86)/atmel/studio/7.0/toolchain/avr8/avr8-gnu-toolchain/bin/../lib/gcc/avr/5.4.0/../../../../avr/lib/avr51\libm.a(divsf3x.o)
                0x00005216                __divsf3x
                0x0000521a                __divsf3_pse
 .text.avr-libc.fplib
                0x000052cc        0xa c:/program files (x86)/atmel/studio/7.0/toolchain/avr8/avr8-gnu-toolchain/bin/../lib/gcc/avr/5.4.0/../../../../avr/lib/avr51\libm.a(fixsfsi.o)
                0x000052cc                __fixsfsi
 .text.avr-libc.fplib
                0x000052d6       0x58 c:/program files (x86)/atmel/studio/7.0/toolchain/avr8/avr8-gnu-toolchain/bin/../lib/gcc/avr/5.4.0/../../../../avr/lib/avr51\libm.a(fixunssfsi.o)
                0x000052d6                __fixunssfsi
 .text.avr-libc.fplib
                0x0000532e       0x7a c:/program files (x86)/atmel/studio/7.0/toolchain/avr8/avr8-gnu-toolchain/bin/../lib/gcc/avr/5.4.0/../../../../avr/lib/avr51\libm.a(floatsisf.o)
                0x0000532e                __floatunsisf
                0x00005332                __floatsisf
 .text.avr-libc.fplib
                0x000053a8       0x48 c:/program files (x86)/atmel/studio/7.0/toolchain/avr8/avr8-gnu-toolchain/bin/../lib/gcc/avr/5.4.0/../../../../avr/lib/avr51\libm.a(fp_cmp.o)
                0x000053a8                __fp_cmp
 .text.avr-libc.fplib
                0x000053f0        0xc c:/program files (x86)/atmel/studio/7.0/toolchain/avr8/avr8-gnu-toolchain/bin/../lib/gcc/avr/5.4.0/../../../../avr/lib/avr51\libm.a(fp_inf.o)
                0x000053f0                __fp_inf
 .text.avr-libc.fplib
                0x000053fc        0x6 c:/program files (x86)/atmel/studio/7.0/toolchain/avr8/avr8-gnu-toolchain/bin/../lib/gcc/avr/5.4.0/../../../../avr/lib/avr51\libm.a(fp_nan.o)
                0x000053fc                __fp_nan
 .text.avr-libc.fplib
                0x00005402        0xe c:/program files (x86)/atmel/studio/7.0/toolchain/avr8/avr8-gnu-toolchain/bin/../lib/gcc/avr/5.4.0/../../../../avr/lib/avr51\libm.a(fp_pscA.o)
                0x00005402                __fp_pscA
 .text.avr-libc.fplib
                0x00005410        0xe c:/program files (x86)/atmel/studio/7.0/toolchain/avr8/avr8-gnu-toolchain/bin/../lib/gcc/avr/5.4.0/../../../../avr/lib/avr51\libm.a(fp_pscB.o)
                0x00005410                __fp_pscB
 .text.avr-libc.fplib
                0x0000541e       0x22 c:/program files (x86)/atmel/studio/7.0/toolchain/avr8/avr8-gnu-toolchain/bin/../lib/gcc/avr/5.4.0/../../../../avr/lib/avr51\libm.a(fp_round.o)
                0x0000541e                __fp_round
 .text.avr-libc.fplib
                0x00005440       0x44 c:/program files (x86)/atmel/studio/7.0/toolchain/avr8/avr8-gnu-toolchain/bin/../lib/gcc/avr/5.4.0/../../../../avr/lib/avr51\libm.a(fp_split3.o)
                0x00005440                __fp_split3
                0x00005450                __fp_splitA
 .text.avr-libc.fplib
                0x00005484        0xe c:/program files (x86)/atmel/studio/7.0/toolchain/avr8/avr8-gnu-toolchain/bin/../lib/gcc/avr/5.4.0/../../../../avr/lib/avr51\libm.a(fp_zero.o)
                0x00005484                __fp_zero
                0x00005486                __fp_szero
 .text.avr-libc.fplib
                0x00005492        0x8 c:/program files (x86)/atmel/studio/7.0/toolchain/avr8/avr8-gnu-toolchain/bin/../lib/gcc/avr/5.4.0/../../../../avr/lib/avr51\libm.a(gesf2.o)
                0x00005492                __gesf2
                0x00005492                __gtsf2
 .text.avr-libc.fplib
                0x0000549a        0x4 c:/program files (x86)/atmel/studio/7.0/toolchain/avr8/avr8-gnu-toolchain/bin/../lib/gcc/avr/5.4.0/../../../../avr/lib/avr51\libm.a(mulsf3.o)
                0x0000549a                __mulsf3
 .text.avr-libc.fplib
                0x0000549e       0xc2 c:/program files (x86)/atmel/studio/7.0/toolchain/avr8/avr8-gnu-toolchain/bin/../lib/gcc/avr/5.4.0/../../../../avr/lib/avr51\libm.a(mulsf3x.o)
                0x000054b2                __mulsf3x
                0x000054b6                __mulsf3_pse
 .text.avr-libc
                0x00005560      0x712 c:/program files (x86)/atmel/studio/7.0/toolchain/avr8/avr8-gnu-toolchain/bin/../lib/gcc/avr/5.4.0/../../../../avr/lib/avr51\libprintf_flt.a(vfprintf_flt.o)
                0x00005560                vfprintf
 .text.libgcc.div
                0x00005c72       0x26 c:/program files (x86)/atmel/studio/7.0/toolchain/avr8/avr8-gnu-toolchain/bin/../lib/gcc/avr/5.4.0/avr51\libgcc.a(_divmodhi4.o)
                0x00005c72                _div
                0x00005c72                __divmodhi4
 .text.libgcc.div
                0x00005c98       0x28 c:/program files (x86)/atmel/studio/7.0/toolchain/avr8/avr8-gnu-toolchain/bin/../lib/gcc/avr/5.4.0/avr51\libgcc.a(_udivmodhi4.o)
                0x00005c98                __udivmodhi4
 .text.avr-libc
                0x00005cc0      0x242 c:/program files (x86)/atmel/studio/7.0/toolchain/avr8/avr8-gnu-toolchain/bin/../lib/gcc/avr/5.4.0/../../../../avr/lib/avr51\libc.a(malloc.o)
                0x00005cc0                malloc
                0x00005df0                free
 .text.avr-libc
                0x00005f02      0x256 c:/program files (x86)/atmel/studio/7.0/toolchain/avr8/avr8-gnu-toolchain/bin/../lib/gcc/avr/5.4.0/../../../../avr/lib/avr51\libc.a(strtol.o)
                0x00005f02                strtol
 .text.avr-libc
                0x00006158        0x6 c:/program files (x86)/atmel/studio/7.0/toolchain/avr8/avr8-gnu-toolchain/bin/../lib/gcc/avr/5.4.0/../../../../avr/lib/avr51\libc.a(atof.o)
                0x00006158                atof
 .text.avr-libc
                0x0000615e       0x3a c:/program files (x86)/atmel/studio/7.0/toolchain/avr8/avr8-gnu-toolchain/bin/../lib/gcc/avr/5.4.0/../../../../avr/lib/avr51\libc.a(atoi.o)
                0x0000615e                atoi
 .text.avr-libc
                0x00006198      0x1b0 c:/program files (x86)/atmel/studio/7.0/toolchain/avr8/avr8-gnu-toolchain/bin/../lib/gcc/avr/5.4.0/../../../../avr/lib/avr51\libc.a(ftoa_engine.o)
                0x00006198                __ftoa_engine
 .text.avr-libc
                0x00006348       0x10 c:/program files (x86)/atmel/studio/7.0/toolchain/avr8/avr8-gnu-toolchain/bin/../lib/gcc/avr/5.4.0/../../../../avr/lib/avr51\libc.a(isalnum.o)
                0x00006348                isalnum
 .text.avr-libc
                0x00006358        0x6 c:/program files (x86)/atmel/studio/7.0/toolchain/avr8/avr8-gnu-toolchain/bin/../lib/gcc/avr/5.4.0/../../../../avr/lib/avr51\libc.a(cty_isfalse.o)
                0x00006358                __ctype_isfalse
                0x0000635c                __ctype_istrue
 .text.avr-libc
                0x0000635e       0x12 c:/program files (x86)/atmel/studio/7.0/toolchain/avr8/avr8-gnu-toolchain/bin/../lib/gcc/avr/5.4.0/../../../../avr/lib/avr51\libc.a(isalpha.o)
                0x0000635e                isupper
                0x00006362                isalpha
                0x00006364                islower
 .text.avr-libc
                0x00006370       0x10 c:/program files (x86)/atmel/studio/7.0/toolchain/avr8/avr8-gnu-toolchain/bin/../lib/gcc/avr/5.4.0/../../../../avr/lib/avr51\libc.a(isspace.o)
                0x00006370                isspace
 .text.avr-libc
                0x00006380       0x10 c:/program files (x86)/atmel/studio/7.0/toolchain/avr8/avr8-gnu-toolchain/bin/../lib/gcc/avr/5.4.0/../../../../avr/lib/avr51\libc.a(toupper.o)
                0x00006380                toupper
 .text.avr-libc
                0x00006390       0x16 c:/program files (x86)/atmel/studio/7.0/toolchain/avr8/avr8-gnu-toolchain/bin/../lib/gcc/avr/5.4.0/../../../../avr/lib/avr51\libc.a(strnlen_P.o)
                0x00006390                strnlen_P
 .text.avr-libc
                0x000063a6       0x12 c:/program files (x86)/atmel/studio/7.0/toolchain/avr8/avr8-gnu-toolchain/bin/../lib/gcc/avr/5.4.0/../../../../avr/lib/avr51\libc.a(memcpy.o)
                0x000063a6                memcpy
 .text.avr-libc
                0x000063b8       0x16 c:/program files (x86)/atmel/studio/7.0/toolchain/avr8/avr8-gnu-toolchain/bin/../lib/gcc/avr/5.4.0/../../../../avr/lib/avr51\libc.a(strcat.o)
                0x000063b8                strcat
 .text.avr-libc
                0x000063ce       0x12 c:/program files (x86)/atmel/studio/7.0/toolchain/avr8/avr8-gnu-toolchain/bin/../lib/gcc/avr/5.4.0/../../../../avr/lib/avr51\libc.a(strcmp.o)
                0x000063ce                strcmp
 .text.avr-libc
                0x000063e0        0xe c:/program files (x86)/atmel/studio/7.0/toolchain/avr8/avr8-gnu-toolchain/bin/../lib/gcc/avr/5.4.0/../../../../avr/lib/avr51\libc.a(strcpy.o)
                0x000063e0                strcpy
 .text.avr-libc
                0x000063ee       0x16 c:/program files (x86)/atmel/studio/7.0/toolchain/avr8/avr8-gnu-toolchain/bin/../lib/gcc/avr/5.4.0/../../../../avr/lib/avr51\libc.a(strnlen.o)
                0x000063ee                strnlen
 .text.avr-libc
                0x00006404       0x10 c:/program files (x86)/atmel/studio/7.0/toolchain/avr8/avr8-gnu-toolchain/bin/../lib/gcc/avr/5.4.0/../../../../avr/lib/avr51\libc.a(mul10.o)
                0x00006404                __mulhi_const_10
 .text.avr-libc
                0x00006414       0x78 c:/program files (x86)/atmel/studio/7.0/toolchain/avr8/avr8-gnu-toolchain/bin/../lib/gcc/avr/5.4.0/../../../../avr/lib/avr51\libc.a(fputc.o)
                0x00006414                fputc
 .text.avr-libc
                0x0000648c       0x5c c:/program files (x86)/atmel/studio/7.0/toolchain/avr8/avr8-gnu-toolchain/bin/../lib/gcc/avr/5.4.0/../../../../avr/lib/avr51\libc.a(sprintf.o)
                0x0000648c                sprintf
 .text.avr-libc
                0x000064e8       0xbc c:/program files (x86)/atmel/studio/7.0/toolchain/avr8/avr8-gnu-toolchain/bin/../lib/gcc/avr/5.4.0/../../../../avr/lib/avr51\libc.a(ultoa_invert.o)
                0x000064e8                __ultoa_invert
 .text.avr-libc
                0x000065a4      0x2ae c:/program files (x86)/atmel/studio/7.0/toolchain/avr8/avr8-gnu-toolchain/bin/../lib/gcc/avr/5.4.0/../../../../avr/lib/avr51\libc.a(strtod.o)
                0x000065a4                strtod
 .text.avr-libc
                0x00006852       0x30 c:/program files (x86)/atmel/studio/7.0/toolchain/avr8/avr8-gnu-toolchain/bin/../lib/gcc/avr/5.4.0/../../../../avr/lib/avr51\libc.a(strncasecmp_P.o)
                0x00006852                strncasecmp_P
 .text.avr-libc
                0x00006882       0x10 C:/Program Files (x86)/Atmel/Studio/7.0/Packs/atmel/ATmega_DFP/1.2.209/gcc/dev/atmega1284/avr51\libatmega1284.a(eerd_byte.o)
                0x00006882                eeprom_read_byte
 .text.avr-libc
                0x00006892       0x1c C:/Program Files (x86)/Atmel/Studio/7.0/Packs/atmel/ATmega_DFP/1.2.209/gcc/dev/atmega1284/avr51\libatmega1284.a(eewr_byte.o)
                0x00006892                eeprom_write_byte
                0x00006894                eeprom_write_r18
 .text.libgcc.mul
                0x000068ae       0x1e c:/program files (x86)/atmel/studio/7.0/toolchain/avr8/avr8-gnu-toolchain/bin/../lib/gcc/avr/5.4.0/avr51\libgcc.a(_mulsi3.o)
                0x000068ae                __mulsi3
 .text.libgcc.div
                0x000068cc       0x44 c:/program files (x86)/atmel/studio/7.0/toolchain/avr8/avr8-gnu-toolchain/bin/../lib/gcc/avr/5.4.0/avr51\libgcc.a(_udivmodsi4.o)
                0x000068cc                __udivmodsi4
 .text.libgcc.mul
                0x00006910       0x14 c:/program files (x86)/atmel/studio/7.0/toolchain/avr8/avr8-gnu-toolchain/bin/../lib/gcc/avr/5.4.0/avr51\libgcc.a(_muluhisi3.o)
                0x00006910                __muluhisi3
 .text.libgcc.mul
                0x00006924       0x1e c:/program files (x86)/atmel/studio/7.0/toolchain/avr8/avr8-gnu-toolchain/bin/../lib/gcc/avr/5.4.0/avr51\libgcc.a(_umulhisi3.o)
                0x00006924                __umulhisi3
                0x00006942                . = ALIGN (0x2)
 *(.fini9)
 .fini9         0x00006942        0x0 c:/program files (x86)/atmel/studio/7.0/toolchain/avr8/avr8-gnu-toolchain/bin/../lib/gcc/avr/5.4.0/avr51\libgcc.a(_exit.o)
                0x00006942                _exit
                0x00006942                exit
 *(.fini9)
 *(.fini8)
 *(.fini8)
 *(.fini7)
 *(.fini7)
 *(.fini6)
 *(.fini6)
 *(.fini5)
 *(.fini5)
 *(.fini4)
 *(.fini4)
 *(.fini3)
 *(.fini3)
 *(.fini2)
 *(.fini2)
 *(.fini1)
 *(.fini1)
 *(.fini0)
 .fini0         0x00006942        0x4 c:/program files (x86)/atmel/studio/7.0/toolchain/avr8/avr8-gnu-toolchain/bin/../lib/gcc/avr/5.4.0/avr51\libgcc.a(_exit.o)
 *(.fini0)
                0x00006946                _etext = .

.data           0x00800100      0x258 load address 0x00006946
                0x00800100                PROVIDE (__data_start, .)
 *(.data)
 .data          0x00800100        0x6 c:/program files (x86)/atmel/studio/7.0/toolchain/avr8/avr8-gnu-toolchain/bin/../lib/gcc/avr/5.4.0/../../../../avr/lib/avr51\libc.a(malloc.o)
                0x00800100                __malloc_heap_end
                0x00800102                __malloc_heap_start
                0x00800104                __malloc_margin
 *(.data*)
 .data.onPortA  0x00800106        0x1 LCD.o
                0x00800106                onPortA
 *(.gnu.linkonce.d*)
 *(.rodata)
 *(.rodata*)
 .rodata.str1.1
                0x00800107      0x245 Interpreter.o
                                0x266 (size before relaxing)
 .rodata.str1.1
                0x0080034c        0x4 main.o
 .rodata.str1.1
                0x00800350        0x7 Value.o
                                 0x12 (size before relaxing)
 *(.gnu.linkonce.r*)
                0x00800358                . = ALIGN (0x2)
 *fill*         0x00800357        0x1 
                0x00800358                _edata = .
                0x00800358                PROVIDE (__data_end, .)

.bss            0x00800358       0xe0
                0x00800358                PROVIDE (__bss_start, .)
 *(.bss)
 *(.bss*)
 .bss.rxChar    0x00800358        0x1 main.o
                0x00800358                rxChar
 .bss.charRx    0x00800359        0x1 main.o
                0x00800359                charRx
 .bss.eePtr     0x0080035a        0x2 main.o
                0x0080035a                eePtr
 .bss.waitPeriod
                0x0080035c        0x2 main.o
                0x0080035c                waitPeriod
 .bss.msg1      0x0080035e        0x2 Serial.o
                0x0080035e                msg1
 .bss.tail1     0x00800360        0x2 Serial.o
                0x00800360                tail1
 .bss.head1     0x00800362        0x2 Serial.o
                0x00800362                head1
 .bss.buf1      0x00800364       0x64 Serial.o
                0x00800364                buf1
 .bss.msg       0x008003c8        0x2 Serial.o
                0x008003c8                msg
 .bss.tail      0x008003ca        0x2 Serial.o
                0x008003ca                tail
 .bss.head      0x008003cc        0x2 Serial.o
                0x008003cc                head
 .bss.buf       0x008003ce       0x64 Serial.o
                0x008003ce                buf
 *(COMMON)
 COMMON         0x00800432        0x4 c:/program files (x86)/atmel/studio/7.0/toolchain/avr8/avr8-gnu-toolchain/bin/../lib/gcc/avr/5.4.0/../../../../avr/lib/avr51\libc.a(malloc.o)
                0x00800432                __brkval
                0x00800434                __flp
 COMMON         0x00800436        0x2 c:/program files (x86)/atmel/studio/7.0/toolchain/avr8/avr8-gnu-toolchain/bin/../lib/gcc/avr/5.4.0/../../../../avr/lib/avr51\libc.a(errno.o)
                0x00800436                errno
                0x00800438                PROVIDE (__bss_end, .)
                0x00006946                __data_load_start = LOADADDR (.data)
                0x00006b9e                __data_load_end = (__data_load_start + SIZEOF (.data))

.noinit         0x00800438        0x0
                [!provide]                PROVIDE (__noinit_start, .)
 *(.noinit*)
                [!provide]                PROVIDE (__noinit_end, .)
                0x00800438                _end = .
                0x00800438                PROVIDE (__heap_start, .)

.eeprom         0x00810000     0x1000
 *(.eeprom*)
 .eeprom        0x00810000     0x1000 main.o
                0x00810000                buffer
                0x00811000                __eeprom_end = .

.fuse
 *(.fuse)
 *(.lfuse)
 *(.hfuse)
 *(.efuse)

.lock
 *(.lock*)

.signature
 *(.signature*)

.user_signatures
 *(.user_signatures*)

.stab
 *(.stab)

.stabstr
 *(.stabstr)

.stab.excl
 *(.stab.excl)

.stab.exclstr
 *(.stab.exclstr)

.stab.index
 *(.stab.index)

.stab.indexstr
 *(.stab.indexstr)

.comment        0x00000000       0x5c
 *(.comment)
 .comment       0x00000000       0x30 LCD.o
                                 0x31 (size before relaxing)
 .comment       0x00000030       0x31 Interpreter.o
 .comment       0x00000030       0x31 main.o
 .comment       0x00000030       0x31 Serial.o
 .comment       0x00000030       0x31 Value.o
 .comment       0x00000030       0x2c c:/program files (x86)/atmel/studio/7.0/toolchain/avr8/avr8-gnu-toolchain/bin/../lib/gcc/avr/5.4.0/../../../../avr/lib/avr51\libprintf_flt.a(vfprintf_flt.o)
                                 0x2d (size before relaxing)
 .comment       0x0000005c       0x31 c:/program files (x86)/atmel/studio/7.0/toolchain/avr8/avr8-gnu-toolchain/bin/../lib/gcc/avr/5.4.0/../../../../avr/lib/avr51\libc.a(malloc.o)
 .comment       0x0000005c       0x31 c:/program files (x86)/atmel/studio/7.0/toolchain/avr8/avr8-gnu-toolchain/bin/../lib/gcc/avr/5.4.0/../../../../avr/lib/avr51\libc.a(strtol.o)
 .comment       0x0000005c       0x31 c:/program files (x86)/atmel/studio/7.0/toolchain/avr8/avr8-gnu-toolchain/bin/../lib/gcc/avr/5.4.0/../../../../avr/lib/avr51\libc.a(fputc.o)
 .comment       0x0000005c       0x31 c:/program files (x86)/atmel/studio/7.0/toolchain/avr8/avr8-gnu-toolchain/bin/../lib/gcc/avr/5.4.0/../../../../avr/lib/avr51\libc.a(sprintf.o)
 .comment       0x0000005c       0x2d c:/program files (x86)/atmel/studio/7.0/toolchain/avr8/avr8-gnu-toolchain/bin/../lib/gcc/avr/5.4.0/../../../../avr/lib/avr51\libc.a(errno.o)
 .comment       0x0000005c       0x31 c:/program files (x86)/atmel/studio/7.0/toolchain/avr8/avr8-gnu-toolchain/bin/../lib/gcc/avr/5.4.0/../../../../avr/lib/avr51\libc.a(strtod.o)

.note.gnu.avr.deviceinfo
                0x00000000       0x40
 .note.gnu.avr.deviceinfo
                0x00000000       0x40 C:/Program Files (x86)/Atmel/Studio/7.0/Packs/atmel/ATmega_DFP/1.2.209/gcc/dev/atmega1284/avr51/crtatmega1284.o

.note.gnu.build-id
 *(.note.gnu.build-id)

.debug
 *(.debug)

.line
 *(.line)

.debug_srcinfo
 *(.debug_srcinfo)

.debug_sfnames
 *(.debug_sfnames)

.debug_aranges  0x00000000       0x40
 *(.debug_aranges)
 .debug_aranges
                0x00000000       0x20 C:/Program Files (x86)/Atmel/Studio/7.0/Packs/atmel/ATmega_DFP/1.2.209/gcc/dev/atmega1284/avr51\libatmega1284.a(eerd_byte.o)
 .debug_aranges
                0x00000020       0x20 C:/Program Files (x86)/Atmel/Studio/7.0/Packs/atmel/ATmega_DFP/1.2.209/gcc/dev/atmega1284/avr51\libatmega1284.a(eewr_byte.o)

.debug_pubnames
 *(.debug_pubnames)

.debug_info     0x00000000      0x8ec
 *(.debug_info .gnu.linkonce.wi.*)
 .debug_info    0x00000000      0x792 C:/Program Files (x86)/Atmel/Studio/7.0/Packs/atmel/ATmega_DFP/1.2.209/gcc/dev/atmega1284/avr51/crtatmega1284.o
 .debug_info    0x00000792       0xad C:/Program Files (x86)/Atmel/Studio/7.0/Packs/atmel/ATmega_DFP/1.2.209/gcc/dev/atmega1284/avr51\libatmega1284.a(eerd_byte.o)
 .debug_info    0x0000083f       0xad C:/Program Files (x86)/Atmel/Studio/7.0/Packs/atmel/ATmega_DFP/1.2.209/gcc/dev/atmega1284/avr51\libatmega1284.a(eewr_byte.o)

.debug_abbrev   0x00000000      0x751
 *(.debug_abbrev)
 .debug_abbrev  0x00000000      0x729 C:/Program Files (x86)/Atmel/Studio/7.0/Packs/atmel/ATmega_DFP/1.2.209/gcc/dev/atmega1284/avr51/crtatmega1284.o
 .debug_abbrev  0x00000729       0x14 C:/Program Files (x86)/Atmel/Studio/7.0/Packs/atmel/ATmega_DFP/1.2.209/gcc/dev/atmega1284/avr51\libatmega1284.a(eerd_byte.o)
 .debug_abbrev  0x0000073d       0x14 C:/Program Files (x86)/Atmel/Studio/7.0/Packs/atmel/ATmega_DFP/1.2.209/gcc/dev/atmega1284/avr51\libatmega1284.a(eewr_byte.o)

.debug_line     0x00000000      0x281
 *(.debug_line .debug_line.* .debug_line_end)
 .debug_line    0x00000000      0x169 C:/Program Files (x86)/Atmel/Studio/7.0/Packs/atmel/ATmega_DFP/1.2.209/gcc/dev/atmega1284/avr51/crtatmega1284.o
 .debug_line    0x00000169       0x7a C:/Program Files (x86)/Atmel/Studio/7.0/Packs/atmel/ATmega_DFP/1.2.209/gcc/dev/atmega1284/avr51\libatmega1284.a(eerd_byte.o)
 .debug_line    0x000001e3       0x9e C:/Program Files (x86)/Atmel/Studio/7.0/Packs/atmel/ATmega_DFP/1.2.209/gcc/dev/atmega1284/avr51\libatmega1284.a(eewr_byte.o)

.debug_frame
 *(.debug_frame)

.debug_str      0x00000000      0x296
 *(.debug_str)
 .debug_str     0x00000000      0x296 C:/Program Files (x86)/Atmel/Studio/7.0/Packs/atmel/ATmega_DFP/1.2.209/gcc/dev/atmega1284/avr51/crtatmega1284.o

.debug_loc
 *(.debug_loc)

.debug_macinfo
 *(.debug_macinfo)

.debug_weaknames
 *(.debug_weaknames)

.debug_funcnames
 *(.debug_funcnames)

.debug_typenames
 *(.debug_typenames)

.debug_varnames
 *(.debug_varnames)

.debug_pubtypes
 *(.debug_pubtypes)

.debug_ranges
 *(.debug_ranges)

.debug_macro
 *(.debug_macro)
OUTPUT(cc1284.elf elf32-avr)
LOAD linker stubs
